0 verbose cli /usr/local/bin/node /usr/local/bin/npm
1 info using npm@11.6.2
2 info using node@v24.13.0
3 silly config load:file:/usr/local/lib/node_modules/npm/npmrc
4 silly config load:file:/Users/carloscano/Desktop/CV definitivo/cv-admin-next/.npmrc
5 silly config load:file:/Users/carloscano/.npmrc
6 silly config load:file:/usr/local/etc/npmrc
7 verbose title npm install react-day-picker@8.10.1 react-resizable-panels@2.1.7 recharts@2.15.2 date-fns@3.6.0
8 verbose argv "install" "react-day-picker@8.10.1" "react-resizable-panels@2.1.7" "recharts@2.15.2" "date-fns@3.6.0" "--legacy-peer-deps"
9 verbose logfile logs-max:10 dir:/Users/carloscano/Desktop/CV definitivo/cv-admin-next/.npm-cache/_logs/2026-02-22T17_02_59_577Z-
10 verbose logfile /Users/carloscano/Desktop/CV definitivo/cv-admin-next/.npm-cache/_logs/2026-02-22T17_02_59_577Z-debug-0.log
11 silly logfile start cleaning logs, removing 1 files
12 silly packumentCache heap:4496293888 maxSize:1124073472 maxEntrySize:562036736
13 silly logfile done cleaning log files
14 silly idealTree buildDeps
15 silly fetch manifest date-fns@3.6.0
16 silly packumentCache full:https://registry.npmjs.org/date-fns cache-miss
17 http cache https://registry.npmjs.org/date-fns 228ms (cache hit)
18 silly packumentCache full:https://registry.npmjs.org/date-fns set size:3443779 disposed:false
19 silly fetch manifest react-day-picker@8.10.1
20 silly packumentCache full:https://registry.npmjs.org/react-day-picker cache-miss
21 http cache https://registry.npmjs.org/react-day-picker 6ms (cache hit)
22 silly packumentCache full:https://registry.npmjs.org/react-day-picker set size:1112922 disposed:false
23 silly fetch manifest react-resizable-panels@2.1.7
24 silly packumentCache full:https://registry.npmjs.org/react-resizable-panels cache-miss
25 http cache https://registry.npmjs.org/react-resizable-panels 8ms (cache hit)
26 silly packumentCache full:https://registry.npmjs.org/react-resizable-panels set size:731773 disposed:false
27 silly fetch manifest recharts@2.15.2
28 silly packumentCache full:https://registry.npmjs.org/recharts cache-miss
29 http fetch GET 200 https://registry.npmjs.org/recharts 171ms (cache revalidated)
30 silly packumentCache full:https://registry.npmjs.org/recharts set size:1328786 disposed:false
31 silly placeDep ROOT date-fns@3.6.0 REPLACE for: cv-admin-next@0.1.0 want: 3.6.0
32 silly placeDep ROOT react-day-picker@8.10.1 REPLACE for: cv-admin-next@0.1.0 want: 8.10.1
33 silly placeDep ROOT react-resizable-panels@2.1.7 REPLACE for: cv-admin-next@0.1.0 want: 2.1.7
34 silly placeDep ROOT recharts@2.15.2 REPLACE for: cv-admin-next@0.1.0 want: 2.15.2
35 silly fetch manifest lodash@^4.17.21
36 silly packumentCache full:https://registry.npmjs.org/lodash cache-miss
37 silly fetch manifest react-is@^18.3.1
38 silly packumentCache full:https://registry.npmjs.org/react-is cache-miss
39 silly fetch manifest react-smooth@^4.0.4
40 silly packumentCache full:https://registry.npmjs.org/react-smooth cache-miss
41 silly fetch manifest eventemitter3@^4.0.1
42 silly packumentCache full:https://registry.npmjs.org/eventemitter3 cache-miss
43 silly fetch manifest recharts-scale@^0.4.4
44 silly packumentCache full:https://registry.npmjs.org/recharts-scale cache-miss
45 silly fetch manifest victory-vendor@^36.6.8
46 silly packumentCache full:https://registry.npmjs.org/victory-vendor cache-miss
47 http fetch GET 200 https://registry.npmjs.org/recharts-scale 129ms (cache miss)
48 silly packumentCache full:https://registry.npmjs.org/recharts-scale set size:undefined disposed:false
49 http fetch GET 200 https://registry.npmjs.org/react-is 142ms (cache revalidated)
50 silly packumentCache full:https://registry.npmjs.org/react-is set size:5269788 disposed:false
51 http fetch GET 200 https://registry.npmjs.org/victory-vendor 185ms (cache revalidated)
52 silly packumentCache full:https://registry.npmjs.org/victory-vendor set size:249266 disposed:false
53 http fetch GET 200 https://registry.npmjs.org/eventemitter3 187ms (cache revalidated)
54 silly packumentCache full:https://registry.npmjs.org/eventemitter3 set size:92292 disposed:false
55 http fetch GET 200 https://registry.npmjs.org/lodash 214ms (cache revalidated)
56 silly packumentCache full:https://registry.npmjs.org/lodash set size:244258 disposed:false
57 http fetch GET 200 https://registry.npmjs.org/react-smooth 227ms (cache miss)
58 silly packumentCache full:https://registry.npmjs.org/react-smooth set size:undefined disposed:false
59 silly placeDep ROOT eventemitter3@4.0.7 OK for: recharts@2.15.2 want: ^4.0.1
60 silly placeDep ROOT lodash@4.17.23 OK for: recharts@2.15.2 want: ^4.17.21
61 silly placeDep node_modules/recharts react-is@18.3.1 OK for: recharts@2.15.2 want: ^18.3.1
62 silly placeDep ROOT react-smooth@4.0.4 OK for: recharts@2.15.2 want: ^4.0.4
63 silly placeDep ROOT recharts-scale@0.4.5 OK for: recharts@2.15.2 want: ^0.4.4
64 silly placeDep ROOT victory-vendor@36.9.2 OK for: recharts@2.15.2 want: ^36.6.8
65 silly fetch manifest fast-equals@^5.0.1
66 silly packumentCache full:https://registry.npmjs.org/fast-equals cache-miss
67 silly fetch manifest decimal.js-light@^2.4.1
68 silly packumentCache full:https://registry.npmjs.org/decimal.js-light cache-miss
69 silly fetch manifest d3-ease@^3.0.1
70 silly packumentCache full:https://registry.npmjs.org/d3-ease cache-miss
71 silly fetch manifest d3-time@^3.0.0
72 silly packumentCache full:https://registry.npmjs.org/d3-time cache-miss
73 silly fetch manifest d3-array@^3.1.6
74 silly packumentCache full:https://registry.npmjs.org/d3-array cache-miss
75 silly fetch manifest d3-scale@^4.0.2
76 silly packumentCache full:https://registry.npmjs.org/d3-scale cache-miss
77 silly fetch manifest d3-shape@^3.1.0
78 silly packumentCache full:https://registry.npmjs.org/d3-shape cache-miss
79 http fetch GET 200 https://registry.npmjs.org/fast-equals 51ms (cache miss)
80 silly packumentCache full:https://registry.npmjs.org/fast-equals set size:undefined disposed:false
81 silly fetch manifest d3-timer@^3.0.1
82 silly packumentCache full:https://registry.npmjs.org/d3-timer cache-miss
83 http fetch GET 200 https://registry.npmjs.org/decimal.js-light 67ms (cache revalidated)
84 silly packumentCache full:https://registry.npmjs.org/decimal.js-light set size:38254 disposed:false
85 silly fetch manifest @types/d3-ease@^3.0.0
86 silly packumentCache full:https://registry.npmjs.org/@types%2fd3-ease cache-miss
87 http fetch GET 200 https://registry.npmjs.org/d3-ease 216ms (cache revalidated)
88 silly packumentCache full:https://registry.npmjs.org/d3-ease set size:109490 disposed:false
89 silly fetch manifest @types/d3-time@^3.0.0
90 silly packumentCache full:https://registry.npmjs.org/@types%2fd3-time cache-miss
91 http fetch GET 200 https://registry.npmjs.org/d3-shape 218ms (cache revalidated)
92 silly packumentCache full:https://registry.npmjs.org/d3-shape set size:275657 disposed:false
93 silly fetch manifest d3-interpolate@^3.0.1
94 silly packumentCache full:https://registry.npmjs.org/d3-interpolate cache-miss
95 http fetch GET 200 https://registry.npmjs.org/d3-array 224ms (cache revalidated)
96 silly packumentCache full:https://registry.npmjs.org/d3-array set size:246308 disposed:false
97 silly fetch manifest @types/d3-array@^3.0.3
98 silly packumentCache full:https://registry.npmjs.org/@types%2fd3-array cache-miss
99 http fetch GET 200 https://registry.npmjs.org/d3-time 262ms (cache revalidated)
100 silly packumentCache full:https://registry.npmjs.org/d3-time set size:150406 disposed:false
101 silly fetch manifest @types/d3-scale@^4.0.2
102 silly packumentCache full:https://registry.npmjs.org/@types%2fd3-scale cache-miss
103 http fetch GET 200 https://registry.npmjs.org/d3-timer 211ms (cache revalidated)
104 silly packumentCache full:https://registry.npmjs.org/d3-timer set size:101516 disposed:false
105 silly fetch manifest @types/d3-shape@^3.1.0
106 silly packumentCache full:https://registry.npmjs.org/@types%2fd3-shape cache-miss
107 http fetch GET 200 https://registry.npmjs.org/d3-scale 333ms (cache revalidated)
108 silly packumentCache full:https://registry.npmjs.org/d3-scale set size:514172 disposed:false
109 silly fetch manifest @types/d3-timer@^3.0.0
110 silly packumentCache full:https://registry.npmjs.org/@types%2fd3-timer cache-miss
111 http fetch GET 200 https://registry.npmjs.org/@types%2fd3-scale 140ms (cache revalidated)
112 silly packumentCache full:https://registry.npmjs.org/@types%2fd3-scale set size:131176 disposed:false
113 silly fetch manifest @types/d3-interpolate@^3.0.1
114 silly packumentCache full:https://registry.npmjs.org/@types%2fd3-interpolate cache-miss
115 http fetch GET 200 https://registry.npmjs.org/d3-interpolate 231ms (cache revalidated)
116 silly packumentCache full:https://registry.npmjs.org/d3-interpolate set size:162337 disposed:false
117 http fetch GET 200 https://registry.npmjs.org/@types%2fd3-ease 397ms (cache revalidated)
118 silly packumentCache full:https://registry.npmjs.org/@types%2fd3-ease set size:41281 disposed:false
119 http fetch GET 200 https://registry.npmjs.org/@types%2fd3-time 387ms (cache revalidated)
120 silly packumentCache full:https://registry.npmjs.org/@types%2fd3-time set size:52652 disposed:false
121 http fetch GET 200 https://registry.npmjs.org/@types%2fd3-array 400ms (cache revalidated)
122 silly packumentCache full:https://registry.npmjs.org/@types%2fd3-array set size:130543 disposed:false
123 http fetch GET 200 https://registry.npmjs.org/@types%2fd3-interpolate 437ms (cache revalidated)
124 silly packumentCache full:https://registry.npmjs.org/@types%2fd3-interpolate set size:56692 disposed:false
125 http fetch GET 200 https://registry.npmjs.org/@types%2fd3-shape 744ms (cache revalidated)
126 silly packumentCache full:https://registry.npmjs.org/@types%2fd3-shape set size:115816 disposed:false
127 http fetch GET 200 https://registry.npmjs.org/@types%2fd3-timer 713ms (cache revalidated)
128 silly packumentCache full:https://registry.npmjs.org/@types%2fd3-timer set size:38776 disposed:false
129 silly placeDep ROOT fast-equals@5.4.0 OK for: react-smooth@4.0.4 want: ^5.0.1
130 silly placeDep ROOT decimal.js-light@2.5.1 OK for: recharts-scale@0.4.5 want: ^2.4.1
131 silly placeDep ROOT @types/d3-array@3.2.2 OK for: victory-vendor@36.9.2 want: ^3.0.3
132 silly placeDep ROOT @types/d3-ease@3.0.2 OK for: victory-vendor@36.9.2 want: ^3.0.0
133 silly placeDep ROOT @types/d3-interpolate@3.0.4 OK for: victory-vendor@36.9.2 want: ^3.0.1
134 silly placeDep ROOT @types/d3-scale@4.0.9 OK for: victory-vendor@36.9.2 want: ^4.0.2
135 silly placeDep ROOT @types/d3-shape@3.1.8 OK for: victory-vendor@36.9.2 want: ^3.1.0
136 silly placeDep ROOT @types/d3-time@3.0.4 OK for: victory-vendor@36.9.2 want: ^3.0.0
137 silly placeDep ROOT @types/d3-timer@3.0.2 OK for: victory-vendor@36.9.2 want: ^3.0.0
138 silly placeDep ROOT d3-array@3.2.4 OK for: victory-vendor@36.9.2 want: ^3.1.6
139 silly placeDep ROOT d3-ease@3.0.1 OK for: victory-vendor@36.9.2 want: ^3.0.1
140 silly placeDep ROOT d3-interpolate@3.0.1 OK for: victory-vendor@36.9.2 want: ^3.0.1
141 silly placeDep ROOT d3-scale@4.0.2 OK for: victory-vendor@36.9.2 want: ^4.0.2
142 silly placeDep ROOT d3-shape@3.2.0 OK for: victory-vendor@36.9.2 want: ^3.1.0
143 silly placeDep ROOT d3-time@3.1.0 OK for: victory-vendor@36.9.2 want: ^3.0.0
144 silly placeDep ROOT d3-timer@3.0.1 OK for: victory-vendor@36.9.2 want: ^3.0.1
145 silly fetch manifest @types/d3-color@*
146 silly packumentCache full:https://registry.npmjs.org/@types%2fd3-color cache-miss
147 silly fetch manifest @types/d3-time@*
148 silly packumentCache full:https://registry.npmjs.org/@types%2fd3-time cache-hit
149 silly fetch manifest @types/d3-path@*
150 silly packumentCache full:https://registry.npmjs.org/@types%2fd3-path cache-miss
151 silly fetch manifest internmap@1 - 2
152 silly packumentCache full:https://registry.npmjs.org/internmap cache-miss
153 silly fetch manifest d3-color@1 - 3
154 silly packumentCache full:https://registry.npmjs.org/d3-color cache-miss
155 silly fetch manifest d3-format@1 - 3
156 silly packumentCache full:https://registry.npmjs.org/d3-format cache-miss
157 silly fetch manifest d3-time@2.1.1 - 3
158 silly packumentCache full:https://registry.npmjs.org/d3-time cache-hit
159 silly fetch manifest d3-time-format@2 - 4
160 silly packumentCache full:https://registry.npmjs.org/d3-time-format cache-miss
161 silly fetch manifest d3-path@^3.1.0
162 silly packumentCache full:https://registry.npmjs.org/d3-path cache-miss
163 http fetch GET 200 https://registry.npmjs.org/d3-format 57ms (cache revalidated)
164 silly packumentCache full:https://registry.npmjs.org/d3-format set size:107249 disposed:false
165 http fetch GET 200 https://registry.npmjs.org/internmap 216ms (cache revalidated)
166 silly packumentCache full:https://registry.npmjs.org/internmap set size:19637 disposed:false
167 http fetch GET 200 https://registry.npmjs.org/d3-color 232ms (cache revalidated)
168 silly packumentCache full:https://registry.npmjs.org/d3-color set size:142335 disposed:false
169 http fetch GET 200 https://registry.npmjs.org/d3-time-format 240ms (cache revalidated)
170 silly packumentCache full:https://registry.npmjs.org/d3-time-format set size:124514 disposed:false
171 http fetch GET 200 https://registry.npmjs.org/@types%2fd3-path 257ms (cache revalidated)
172 silly packumentCache full:https://registry.npmjs.org/@types%2fd3-path set size:41268 disposed:false
173 http fetch GET 200 https://registry.npmjs.org/d3-path 274ms (cache revalidated)
174 silly packumentCache full:https://registry.npmjs.org/d3-path set size:77883 disposed:false
175 http fetch GET 200 https://registry.npmjs.org/@types%2fd3-color 717ms (cache revalidated)
176 silly packumentCache full:https://registry.npmjs.org/@types%2fd3-color set size:69998 disposed:false
177 silly placeDep ROOT @types/d3-color@3.1.3 OK for: @types/d3-interpolate@3.0.4 want: *
178 silly placeDep ROOT @types/d3-path@3.1.1 OK for: @types/d3-shape@3.1.8 want: *
179 silly placeDep ROOT internmap@2.0.3 OK for: d3-array@3.2.4 want: 1 - 2
180 silly placeDep ROOT d3-color@3.1.0 OK for: d3-interpolate@3.0.1 want: 1 - 3
181 silly placeDep ROOT d3-format@3.1.2 OK for: d3-scale@4.0.2 want: 1 - 3
182 silly placeDep ROOT d3-time-format@4.1.0 OK for: d3-scale@4.0.2 want: 2 - 4
183 silly placeDep ROOT d3-path@3.1.0 OK for: d3-shape@3.2.0 want: ^3.1.0
184 silly reify mark retired [
184 silly reify   '/Users/carloscano/Desktop/CV definitivo/cv-admin-next/node_modules/@date-fns/tz'
184 silly reify ]
185 silly reify mark retired [
185 silly reify   '/Users/carloscano/Desktop/CV definitivo/cv-admin-next/node_modules/@reduxjs/toolkit'
185 silly reify ]
186 silly reify mark retired [
186 silly reify   '/Users/carloscano/Desktop/CV definitivo/cv-admin-next/node_modules/@standard-schema/utils'
186 silly reify ]
187 silly reify mark retired [
187 silly reify   '/Users/carloscano/Desktop/CV definitivo/cv-admin-next/node_modules/@types/use-sync-external-store'
187 silly reify ]
188 silly reify mark retired [
188 silly reify   '/Users/carloscano/Desktop/CV definitivo/cv-admin-next/node_modules/date-fns'
188 silly reify ]
189 silly reify mark retired [
189 silly reify   '/Users/carloscano/Desktop/CV definitivo/cv-admin-next/node_modules/date-fns-jalali'
189 silly reify ]
190 silly reify mark retired [
190 silly reify   '/Users/carloscano/Desktop/CV definitivo/cv-admin-next/node_modules/es-toolkit'
190 silly reify ]
191 silly reify mark retired [
191 silly reify   '/Users/carloscano/Desktop/CV definitivo/cv-admin-next/node_modules/eventemitter3'
191 silly reify ]
192 silly reify mark retired [
192 silly reify   '/Users/carloscano/Desktop/CV definitivo/cv-admin-next/node_modules/immer'
192 silly reify ]
193 silly reify mark retired [
193 silly reify   '/Users/carloscano/Desktop/CV definitivo/cv-admin-next/node_modules/react-day-picker'
193 silly reify ]
194 silly reify mark retired [
194 silly reify   '/Users/carloscano/Desktop/CV definitivo/cv-admin-next/node_modules/react-redux'
194 silly reify ]
195 silly reify mark retired [
195 silly reify   '/Users/carloscano/Desktop/CV definitivo/cv-admin-next/node_modules/react-resizable-panels'
195 silly reify ]
196 silly reify mark retired [
196 silly reify   '/Users/carloscano/Desktop/CV definitivo/cv-admin-next/node_modules/recharts'
196 silly reify ]
197 silly reify mark retired [
197 silly reify   '/Users/carloscano/Desktop/CV definitivo/cv-admin-next/node_modules/redux'
197 silly reify ]
198 silly reify mark retired [
198 silly reify   '/Users/carloscano/Desktop/CV definitivo/cv-admin-next/node_modules/redux-thunk'
198 silly reify ]
199 silly reify mark retired [
199 silly reify   '/Users/carloscano/Desktop/CV definitivo/cv-admin-next/node_modules/reselect'
199 silly reify ]
200 silly reify mark retired [
200 silly reify   '/Users/carloscano/Desktop/CV definitivo/cv-admin-next/node_modules/victory-vendor'
200 silly reify ]
201 silly reify moves {
201 silly reify   '/Users/carloscano/Desktop/CV definitivo/cv-admin-next/node_modules/@date-fns/tz': '/Users/carloscano/Desktop/CV definitivo/cv-admin-next/node_modules/@date-fns/.tz-6YrOUFRD',
201 silly reify   '/Users/carloscano/Desktop/CV definitivo/cv-admin-next/node_modules/@reduxjs/toolkit': '/Users/carloscano/Desktop/CV definitivo/cv-admin-next/node_modules/@reduxjs/.toolkit-JU16eqKG',
201 silly reify   '/Users/carloscano/Desktop/CV definitivo/cv-admin-next/node_modules/@standard-schema/utils': '/Users/carloscano/Desktop/CV definitivo/cv-admin-next/node_modules/@standard-schema/.utils-Sc4GsUOF',
201 silly reify   '/Users/carloscano/Desktop/CV definitivo/cv-admin-next/node_modules/@types/use-sync-external-store': '/Users/carloscano/Desktop/CV definitivo/cv-admin-next/node_modules/@types/.use-sync-external-store-CcUSiEGI',
201 silly reify   '/Users/carloscano/Desktop/CV definitivo/cv-admin-next/node_modules/date-fns': '/Users/carloscano/Desktop/CV definitivo/cv-admin-next/node_modules/.date-fns-cPprTkB2',
201 silly reify   '/Users/carloscano/Desktop/CV definitivo/cv-admin-next/node_modules/date-fns-jalali': '/Users/carloscano/Desktop/CV definitivo/cv-admin-next/node_modules/.date-fns-jalali-LeNfaV2x',
201 silly reify   '/Users/carloscano/Desktop/CV definitivo/cv-admin-next/node_modules/es-toolkit': '/Users/carloscano/Desktop/CV definitivo/cv-admin-next/node_modules/.es-toolkit-gx8FCE79',
201 silly reify   '/Users/carloscano/Desktop/CV definitivo/cv-admin-next/node_modules/eventemitter3': '/Users/carloscano/Desktop/CV definitivo/cv-admin-next/node_modules/.eventemitter3-SJUoZbdl',
201 silly reify   '/Users/carloscano/Desktop/CV definitivo/cv-admin-next/node_modules/immer': '/Users/carloscano/Desktop/CV definitivo/cv-admin-next/node_modules/.immer-xKOrkT9p',
201 silly reify   '/Users/carloscano/Desktop/CV definitivo/cv-admin-next/node_modules/react-day-picker': '/Users/carloscano/Desktop/CV definitivo/cv-admin-next/node_modules/.react-day-picker-Io9nz65G',
201 silly reify   '/Users/carloscano/Desktop/CV definitivo/cv-admin-next/node_modules/react-redux': '/Users/carloscano/Desktop/CV definitivo/cv-admin-next/node_modules/.react-redux-eqhfn6xy',
201 silly reify   '/Users/carloscano/Desktop/CV definitivo/cv-admin-next/node_modules/react-resizable-panels': '/Users/carloscano/Desktop/CV definitivo/cv-admin-next/node_modules/.react-resizable-panels-QoDLfAjN',
201 silly reify   '/Users/carloscano/Desktop/CV definitivo/cv-admin-next/node_modules/recharts': '/Users/carloscano/Desktop/CV definitivo/cv-admin-next/node_modules/.recharts-Gn19XDxE',
201 silly reify   '/Users/carloscano/Desktop/CV definitivo/cv-admin-next/node_modules/redux': '/Users/carloscano/Desktop/CV definitivo/cv-admin-next/node_modules/.redux-KrLIuxlm',
201 silly reify   '/Users/carloscano/Desktop/CV definitivo/cv-admin-next/node_modules/redux-thunk': '/Users/carloscano/Desktop/CV definitivo/cv-admin-next/node_modules/.redux-thunk-unviOD4L',
201 silly reify   '/Users/carloscano/Desktop/CV definitivo/cv-admin-next/node_modules/reselect': '/Users/carloscano/Desktop/CV definitivo/cv-admin-next/node_modules/.reselect-ywz0A4lE',
201 silly reify   '/Users/carloscano/Desktop/CV definitivo/cv-admin-next/node_modules/victory-vendor': '/Users/carloscano/Desktop/CV definitivo/cv-admin-next/node_modules/.victory-vendor-2EIu9cGP'
201 silly reify }
202 silly audit bulk request {
202 silly audit   '@alloc/quick-lru': [ '5.2.0' ],
202 silly audit   '@babel/code-frame': [ '7.29.0' ],
202 silly audit   '@babel/compat-data': [ '7.29.0' ],
202 silly audit   '@babel/core': [ '7.29.0' ],
202 silly audit   '@babel/generator': [ '7.29.1' ],
202 silly audit   '@babel/helper-compilation-targets': [ '7.28.6' ],
202 silly audit   '@babel/helper-globals': [ '7.28.0' ],
202 silly audit   '@babel/helper-module-imports': [ '7.28.6' ],
202 silly audit   '@babel/helper-module-transforms': [ '7.28.6' ],
202 silly audit   '@babel/helper-string-parser': [ '7.27.1' ],
202 silly audit   '@babel/helper-validator-identifier': [ '7.28.5' ],
202 silly audit   '@babel/helper-validator-option': [ '7.27.1' ],
202 silly audit   '@babel/helpers': [ '7.28.6' ],
202 silly audit   '@babel/parser': [ '7.29.0' ],
202 silly audit   '@babel/runtime': [ '7.28.6' ],
202 silly audit   '@babel/template': [ '7.28.6' ],
202 silly audit   '@babel/traverse': [ '7.29.0' ],
202 silly audit   '@babel/types': [ '7.29.0' ],
202 silly audit   '@emnapi/core': [ '1.8.1' ],
202 silly audit   '@emnapi/runtime': [ '1.8.1' ],
202 silly audit   '@emnapi/wasi-threads': [ '1.1.0' ],
202 silly audit   '@emotion/babel-plugin': [ '11.13.5' ],
202 silly audit   'convert-source-map': [ '1.9.0', '2.0.0' ],
202 silly audit   '@emotion/cache': [ '11.14.0' ],
202 silly audit   '@emotion/hash': [ '0.9.2' ],
202 silly audit   '@emotion/is-prop-valid': [ '1.4.0' ],
202 silly audit   '@emotion/memoize': [ '0.9.0' ],
202 silly audit   '@emotion/react': [ '11.14.0' ],
202 silly audit   '@emotion/serialize': [ '1.3.3' ],
202 silly audit   '@emotion/sheet': [ '1.4.0' ],
202 silly audit   '@emotion/styled': [ '11.14.1' ],
202 silly audit   '@emotion/unitless': [ '0.10.0' ],
202 silly audit   '@emotion/use-insertion-effect-with-fallbacks': [ '1.2.0' ],
202 silly audit   '@emotion/utils': [ '1.4.2' ],
202 silly audit   '@emotion/weak-memoize': [ '0.4.0' ],
202 silly audit   '@eslint-community/eslint-utils': [ '4.9.1' ],
202 silly audit   'eslint-visitor-keys': [ '3.4.3', '5.0.1', '4.2.1' ],
202 silly audit   '@eslint-community/regexpp': [ '4.12.2' ],
202 silly audit   '@eslint/config-array': [ '0.21.1' ],
202 silly audit   '@eslint/config-helpers': [ '0.4.2' ],
202 silly audit   '@eslint/core': [ '0.17.0' ],
202 silly audit   '@eslint/eslintrc': [ '3.3.3' ],
202 silly audit   '@eslint/js': [ '9.39.3' ],
202 silly audit   '@eslint/object-schema': [ '2.1.7' ],
202 silly audit   '@eslint/plugin-kit': [ '0.4.1' ],
202 silly audit   '@floating-ui/core': [ '1.7.4' ],
202 silly audit   '@floating-ui/dom': [ '1.7.5' ],
202 silly audit   '@floating-ui/react-dom': [ '2.1.7' ],
202 silly audit   '@floating-ui/utils': [ '0.2.10' ],
202 silly audit   '@humanfs/core': [ '0.19.1' ],
202 silly audit   '@humanfs/node': [ '0.16.7' ],
202 silly audit   '@humanwhocodes/module-importer': [ '1.0.1' ],
202 silly audit   '@humanwhocodes/retry': [ '0.4.3' ],
202 silly audit   '@img/colour': [ '1.0.0' ],
202 silly audit   '@img/sharp-darwin-arm64': [ '0.34.5' ],
202 silly audit   '@img/sharp-darwin-x64': [ '0.34.5' ],
202 silly audit   '@img/sharp-libvips-darwin-arm64': [ '1.2.4' ],
202 silly audit   '@img/sharp-libvips-darwin-x64': [ '1.2.4' ],
202 silly audit   '@img/sharp-libvips-linux-arm': [ '1.2.4' ],
202 silly audit   '@img/sharp-libvips-linux-arm64': [ '1.2.4' ],
202 silly audit   '@img/sharp-libvips-linux-ppc64': [ '1.2.4' ],
202 silly audit   '@img/sharp-libvips-linux-riscv64': [ '1.2.4' ],
202 silly audit   '@img/sharp-libvips-linux-s390x': [ '1.2.4' ],
202 silly audit   '@img/sharp-libvips-linux-x64': [ '1.2.4' ],
202 silly audit   '@img/sharp-libvips-linuxmusl-arm64': [ '1.2.4' ],
202 silly audit   '@img/sharp-libvips-linuxmusl-x64': [ '1.2.4' ],
202 silly audit   '@img/sharp-linux-arm': [ '0.34.5' ],
202 silly audit   '@img/sharp-linux-arm64': [ '0.34.5' ],
202 silly audit   '@img/sharp-linux-ppc64': [ '0.34.5' ],
202 silly audit   '@img/sharp-linux-riscv64': [ '0.34.5' ],
202 silly audit   '@img/sharp-linux-s390x': [ '0.34.5' ],
202 silly audit   '@img/sharp-linux-x64': [ '0.34.5' ],
202 silly audit   '@img/sharp-linuxmusl-arm64': [ '0.34.5' ],
202 silly audit   '@img/sharp-linuxmusl-x64': [ '0.34.5' ],
202 silly audit   '@img/sharp-wasm32': [ '0.34.5' ],
202 silly audit   '@img/sharp-win32-arm64': [ '0.34.5' ],
202 silly audit   '@img/sharp-win32-ia32': [ '0.34.5' ],
202 silly audit   '@img/sharp-win32-x64': [ '0.34.5' ],
202 silly audit   '@isaacs/fs-minipass': [ '4.0.1' ],
202 silly audit   '@jridgewell/gen-mapping': [ '0.3.13' ],
202 silly audit   '@jridgewell/remapping': [ '2.3.5' ],
202 silly audit   '@jridgewell/resolve-uri': [ '3.1.2' ],
202 silly audit   '@jridgewell/sourcemap-codec': [ '1.5.5' ],
202 silly audit   '@jridgewell/trace-mapping': [ '0.3.31' ],
202 silly audit   '@mui/core-downloads-tracker': [ '7.3.8' ],
202 silly audit   '@mui/icons-material': [ '7.3.8' ],
202 silly audit   '@mui/material': [ '7.3.8' ],
202 silly audit   'react-is': [ '19.2.4', '16.13.1', '18.3.1' ],
202 silly audit   '@mui/private-theming': [ '7.3.8' ],
202 silly audit   '@mui/styled-engine': [ '7.3.8' ],
202 silly audit   '@mui/system': [ '7.3.8' ],
202 silly audit   '@mui/types': [ '7.4.11' ],
202 silly audit   '@mui/utils': [ '7.3.8' ],
202 silly audit   '@napi-rs/wasm-runtime': [ '0.2.12' ],
202 silly audit   '@next/env': [ '16.1.6' ],
202 silly audit   '@next/eslint-plugin-next': [ '16.1.6' ],
202 silly audit   '@next/swc-darwin-arm64': [ '16.1.6' ],
202 silly audit   '@next/swc-darwin-x64': [ '16.1.6' ],
202 silly audit   '@next/swc-linux-arm64-gnu': [ '16.1.6' ],
202 silly audit   '@next/swc-linux-arm64-musl': [ '16.1.6' ],
202 silly audit   '@next/swc-linux-x64-gnu': [ '16.1.6' ],
202 silly audit   '@next/swc-linux-x64-musl': [ '16.1.6' ],
202 silly audit   '@next/swc-win32-arm64-msvc': [ '16.1.6' ],
202 silly audit   '@next/swc-win32-x64-msvc': [ '16.1.6' ],
202 silly audit   '@nodelib/fs.scandir': [ '2.1.5' ],
202 silly audit   '@nodelib/fs.stat': [ '2.0.5' ],
202 silly audit   '@nodelib/fs.walk': [ '1.2.8' ],
202 silly audit   '@nolyfill/is-core-module': [ '1.0.39' ],
202 silly audit   '@popperjs/core': [ '2.11.8' ],
202 silly audit   '@prisma/client': [ '6.19.2' ],
202 silly audit   '@prisma/config': [ '6.19.2' ],
202 silly audit   '@prisma/debug': [ '6.19.2' ],
202 silly audit   '@prisma/engines': [ '6.19.2' ],
202 silly audit   '@prisma/engines-version': [ '7.1.1-3.c2990dca591cba766e3b7ef5d9e8a84796e47ab7' ],
202 silly audit   '@prisma/fetch-engine': [ '6.19.2' ],
202 silly audit   '@prisma/get-platform': [ '6.19.2' ],
202 silly audit   '@radix-ui/number': [ '1.1.1' ],
202 silly audit   '@radix-ui/primitive': [ '1.1.3' ],
202 silly audit   '@radix-ui/react-accordion': [ '1.2.12' ],
202 silly audit   '@radix-ui/react-alert-dialog': [ '1.1.15' ],
202 silly audit   '@radix-ui/react-slot': [ '1.2.3', '1.2.4' ],
202 silly audit   '@radix-ui/react-arrow': [ '1.1.7' ],
202 silly audit   '@radix-ui/react-aspect-ratio': [ '1.1.8' ],
202 silly audit   '@radix-ui/react-primitive': [ '2.1.4', '2.1.3' ],
202 silly audit   '@radix-ui/react-avatar': [ '1.1.11' ],
202 silly audit   '@radix-ui/react-context': [ '1.1.3', '1.1.2' ],
202 silly audit   '@radix-ui/react-checkbox': [ '1.3.3' ],
202 silly audit   '@radix-ui/react-collapsible': [ '1.1.12' ],
202 silly audit   '@radix-ui/react-collection': [ '1.1.7' ],
202 silly audit   '@radix-ui/react-compose-refs': [ '1.1.2' ],
202 silly audit   '@radix-ui/react-context-menu': [ '2.2.16' ],
202 silly audit   '@radix-ui/react-dialog': [ '1.1.15' ],
202 silly audit   '@radix-ui/react-direction': [ '1.1.1' ],
202 silly audit   '@radix-ui/react-dismissable-layer': [ '1.1.11' ],
202 silly audit   '@radix-ui/react-dropdown-menu': [ '2.1.16' ],
202 silly audit   '@radix-ui/react-focus-guards': [ '1.1.3' ],
202 silly audit   '@radix-ui/react-focus-scope': [ '1.1.7' ],
202 silly audit   '@radix-ui/react-hover-card': [ '1.1.15' ],
202 silly audit   '@radix-ui/react-id': [ '1.1.1' ],
202 silly audit   '@radix-ui/react-label': [ '2.1.8' ],
202 silly audit   '@radix-ui/react-menu': [ '2.1.16' ],
202 silly audit   '@radix-ui/react-menubar': [ '1.1.16' ],
202 silly audit   '@radix-ui/react-navigation-menu': [ '1.2.14' ],
202 silly audit   '@radix-ui/react-popover': [ '1.1.15' ],
202 silly audit   '@radix-ui/react-popper': [ '1.2.8' ],
202 silly audit   '@radix-ui/react-portal': [ '1.1.9' ],
202 silly audit   '@radix-ui/react-presence': [ '1.1.5' ],
202 silly audit   '@radix-ui/react-progress': [ '1.1.8' ],
202 silly audit   '@radix-ui/react-radio-group': [ '1.3.8' ],
202 silly audit   '@radix-ui/react-roving-focus': [ '1.1.11' ],
202 silly audit   '@radix-ui/react-scroll-area': [ '1.2.10' ],
202 silly audit   '@radix-ui/react-select': [ '2.2.6' ],
202 silly audit   '@radix-ui/react-separator': [ '1.1.8' ],
202 silly audit   '@radix-ui/react-slider': [ '1.3.6' ],
202 silly audit   '@radix-ui/react-switch': [ '1.2.6' ],
202 silly audit   '@radix-ui/react-tabs': [ '1.1.13' ],
202 silly audit   '@radix-ui/react-toggle': [ '1.1.10' ],
202 silly audit   '@radix-ui/react-toggle-group': [ '1.1.11' ],
202 silly audit   '@radix-ui/react-tooltip': [ '1.2.8' ],
202 silly audit   '@radix-ui/react-use-callback-ref': [ '1.1.1' ],
202 silly audit   '@radix-ui/react-use-controllable-state': [ '1.2.2' ],
202 silly audit   '@radix-ui/react-use-effect-event': [ '0.0.2' ],
202 silly audit   '@radix-ui/react-use-escape-keydown': [ '1.1.1' ],
202 silly audit   '@radix-ui/react-use-is-hydrated': [ '0.1.0' ],
202 silly audit   '@radix-ui/react-use-layout-effect': [ '1.1.1' ],
202 silly audit   '@radix-ui/react-use-previous': [ '1.1.1' ],
202 silly audit   '@radix-ui/react-use-rect': [ '1.1.1' ],
202 silly audit   '@radix-ui/react-use-size': [ '1.1.1' ],
202 silly audit   '@radix-ui/react-visually-hidden': [ '1.2.3' ],
202 silly audit   '@radix-ui/rect': [ '1.1.1' ],
202 silly audit   '@rtsao/scc': [ '1.1.0' ],
202 silly audit   '@standard-schema/spec': [ '1.1.0' ],
202 silly audit   '@supabase/auth-js': [ '2.97.0' ],
202 silly audit   '@supabase/functions-js': [ '2.97.0' ],
202 silly audit   '@supabase/postgrest-js': [ '2.97.0' ],
202 silly audit   '@supabase/realtime-js': [ '2.97.0' ],
202 silly audit   '@supabase/storage-js': [ '2.97.0' ],
202 silly audit   '@supabase/supabase-js': [ '2.97.0' ],
202 silly audit   '@swc/helpers': [ '0.5.15' ],
202 silly audit   '@tailwindcss/node': [ '4.2.0' ],
202 silly audit   '@tailwindcss/oxide': [ '4.2.0' ],
202 silly audit   '@tailwindcss/oxide-android-arm64': [ '4.2.0' ],
202 silly audit   '@tailwindcss/oxide-darwin-arm64': [ '4.2.0' ],
202 silly audit   '@tailwindcss/oxide-darwin-x64': [ '4.2.0' ],
202 silly audit   '@tailwindcss/oxide-freebsd-x64': [ '4.2.0' ],
202 silly audit   '@tailwindcss/oxide-linux-arm-gnueabihf': [ '4.2.0' ],
202 silly audit   '@tailwindcss/oxide-linux-arm64-gnu': [ '4.2.0' ],
202 silly audit   '@tailwindcss/oxide-linux-arm64-musl': [ '4.2.0' ],
202 silly audit   '@tailwindcss/oxide-linux-x64-gnu': [ '4.2.0' ],
202 silly audit   '@tailwindcss/oxide-linux-x64-musl': [ '4.2.0' ],
202 silly audit   '@tailwindcss/oxide-wasm32-wasi': [ '4.2.0' ],
202 silly audit   '@tailwindcss/oxide-win32-arm64-msvc': [ '4.2.0' ],
202 silly audit   '@tailwindcss/oxide-win32-x64-msvc': [ '4.2.0' ],
202 silly audit   '@tailwindcss/postcss': [ '4.2.0' ],
202 silly audit   '@tybys/wasm-util': [ '0.10.1' ],
202 silly audit   '@types/estree': [ '1.0.8' ],
202 silly audit   '@types/json-schema': [ '7.0.15' ],
202 silly audit   '@types/json5': [ '0.0.29' ],
202 silly audit   '@types/node': [ '20.19.33' ],
202 silly audit   '@types/parse-json': [ '4.0.2' ],
202 silly audit   '@types/phoenix': [ '1.6.7' ],
202 silly audit   '@types/prop-types': [ '15.7.15' ],
202 silly audit   '@types/react': [ '19.2.14' ],
202 silly audit   '@types/react-dom': [ '19.2.3' ],
202 silly audit   '@types/react-slick': [ '0.23.13' ],
202 silly audit   '@types/react-transition-group': [ '4.4.12' ],
202 silly audit   '@types/ws': [ '8.18.1' ],
202 silly audit   '@typescript-eslint/eslint-plugin': [ '8.56.0' ],
202 silly audit   ignore: [ '7.0.5', '5.3.2' ],
202 silly audit   '@typescript-eslint/parser': [ '8.56.0' ],
202 silly audit   '@typescript-eslint/project-service': [ '8.56.0' ],
202 silly audit   '@typescript-eslint/scope-manager': [ '8.56.0' ],
202 silly audit   '@typescript-eslint/tsconfig-utils': [ '8.56.0' ],
202 silly audit   '@typescript-eslint/type-utils': [ '8.56.0' ],
202 silly audit   '@typescript-eslint/types': [ '8.56.0' ],
202 silly audit   '@typescript-eslint/typescript-estree': [ '8.56.0' ],
202 silly audit   'balanced-match': [ '4.0.4', '1.0.2' ],
202 silly audit   'brace-expansion': [ '5.0.3', '1.1.12' ],
202 silly audit   minimatch: [ '9.0.6', '3.1.3' ],
202 silly audit   semver: [ '7.7.4', '6.3.1' ],
202 silly audit   '@typescript-eslint/utils': [ '8.56.0' ],
202 silly audit   '@typescript-eslint/visitor-keys': [ '8.56.0' ],
202 silly audit   '@unrs/resolver-binding-android-arm-eabi': [ '1.11.1' ],
202 silly audit   '@unrs/resolver-binding-android-arm64': [ '1.11.1' ],
202 silly audit   '@unrs/resolver-binding-darwin-arm64': [ '1.11.1' ],
202 silly audit   '@unrs/resolver-binding-darwin-x64': [ '1.11.1' ],
202 silly audit   '@unrs/resolver-binding-freebsd-x64': [ '1.11.1' ],
202 silly audit   '@unrs/resolver-binding-linux-arm-gnueabihf': [ '1.11.1' ],
202 silly audit   '@unrs/resolver-binding-linux-arm-musleabihf': [ '1.11.1' ],
202 silly audit   '@unrs/resolver-binding-linux-arm64-gnu': [ '1.11.1' ],
202 silly audit   '@unrs/resolver-binding-linux-arm64-musl': [ '1.11.1' ],
202 silly audit   '@unrs/resolver-binding-linux-ppc64-gnu': [ '1.11.1' ],
202 silly audit   '@unrs/resolver-binding-linux-riscv64-gnu': [ '1.11.1' ],
202 silly audit   '@unrs/resolver-binding-linux-riscv64-musl': [ '1.11.1' ],
202 silly audit   '@unrs/resolver-binding-linux-s390x-gnu': [ '1.11.1' ],
202 silly audit   '@unrs/resolver-binding-linux-x64-gnu': [ '1.11.1' ],
202 silly audit   '@unrs/resolver-binding-linux-x64-musl': [ '1.11.1' ],
202 silly audit   '@unrs/resolver-binding-wasm32-wasi': [ '1.11.1' ],
202 silly audit   '@unrs/resolver-binding-win32-arm64-msvc': [ '1.11.1' ],
202 silly audit   '@unrs/resolver-binding-win32-ia32-msvc': [ '1.11.1' ],
202 silly audit   '@unrs/resolver-binding-win32-x64-msvc': [ '1.11.1' ],
202 silly audit   acorn: [ '8.16.0' ],
202 silly audit   'acorn-jsx': [ '5.3.2' ],
202 silly audit   'agent-base': [ '7.1.4' ],
202 silly audit   ajv: [ '6.14.0' ],
202 silly audit   'ansi-styles': [ '4.3.0' ],
202 silly audit   argparse: [ '2.0.1' ],
202 silly audit   'aria-hidden': [ '1.2.6' ],
202 silly audit   'aria-query': [ '5.3.2' ],
202 silly audit   'array-buffer-byte-length': [ '1.0.2' ],
202 silly audit   'array-includes': [ '3.1.9' ],
202 silly audit   'array.prototype.findlast': [ '1.2.5' ],
202 silly audit   'array.prototype.findlastindex': [ '1.2.6' ],
202 silly audit   'array.prototype.flat': [ '1.3.3' ],
202 silly audit   'array.prototype.flatmap': [ '1.3.3' ],
202 silly audit   'array.prototype.tosorted': [ '1.1.4' ],
202 silly audit   'arraybuffer.prototype.slice': [ '1.0.4' ],
202 silly audit   'ast-types-flow': [ '0.0.8' ],
202 silly audit   'async-function': [ '1.0.0' ],
202 silly audit   'available-typed-arrays': [ '1.0.7' ],
202 silly audit   'axe-core': [ '4.11.1' ],
202 silly audit   'axobject-query': [ '4.1.0' ],
202 silly audit   'babel-plugin-macros': [ '3.1.0' ],
202 silly audit   'baseline-browser-mapping': [ '2.10.0' ],
202 silly audit   'bin-links': [ '6.0.0' ],
202 silly audit   braces: [ '3.0.3' ],
202 silly audit   browserslist: [ '4.28.1' ],
202 silly audit   c12: [ '3.1.0' ],
202 silly audit   dotenv: [ '16.6.1', '17.3.1' ],
202 silly audit   'call-bind': [ '1.0.8' ],
202 silly audit   'call-bind-apply-helpers': [ '1.0.2' ],
202 silly audit   'call-bound': [ '1.0.4' ],
202 silly audit   callsites: [ '3.1.0' ],
202 silly audit   'caniuse-lite': [ '1.0.30001772' ],
202 silly audit   chalk: [ '4.1.2' ],
202 silly audit   chokidar: [ '4.0.3' ],
202 silly audit   chownr: [ '3.0.0' ],
202 silly audit   citty: [ '0.1.6', '0.2.1' ],
202 silly audit   'class-variance-authority': [ '0.7.1' ],
202 silly audit   classnames: [ '2.5.1' ],
202 silly audit   'client-only': [ '0.0.1' ],
202 silly audit   clsx: [ '2.1.1' ],
202 silly audit   'cmd-shim': [ '8.0.0' ],
202 silly audit   cmdk: [ '1.1.1' ],
202 silly audit   'color-convert': [ '2.0.1' ],
202 silly audit   'color-name': [ '1.1.4' ],
202 silly audit   'concat-map': [ '0.0.1' ],
202 silly audit   confbox: [ '0.2.4' ],
202 silly audit   consola: [ '3.4.2' ],
202 silly audit   cosmiconfig: [ '7.1.0' ],
202 silly audit   'cross-spawn': [ '7.0.6' ],
202 silly audit   csstype: [ '3.2.3' ],
202 silly audit   'damerau-levenshtein': [ '1.0.8' ],
202 silly audit   'data-uri-to-buffer': [ '4.0.1' ],
202 silly audit   'data-view-buffer': [ '1.0.2' ],
202 silly audit   'data-view-byte-length': [ '1.0.2' ],
202 silly audit   'data-view-byte-offset': [ '1.0.1' ],
202 silly audit   debug: [ '4.4.3', '3.2.7' ],
202 silly audit   'deep-is': [ '0.1.4' ],
202 silly audit   'deepmerge-ts': [ '7.1.5' ],
202 silly audit   'define-data-property': [ '1.1.4' ],
202 silly audit   'define-properties': [ '1.2.1' ],
202 silly audit   defu: [ '6.1.4' ],
202 silly audit   destr: [ '2.0.5' ],
202 silly audit   'detect-libc': [ '2.1.2' ],
202 silly audit   'detect-node-es': [ '1.1.0' ],
202 silly audit   doctrine: [ '2.1.0' ],
202 silly audit   'dom-helpers': [ '5.2.1' ],
202 silly audit   'dunder-proto': [ '1.0.1' ],
202 silly audit   effect: [ '3.18.4' ],
202 silly audit   'electron-to-chromium': [ '1.5.302' ],
202 silly audit   'embla-carousel': [ '8.6.0' ],
202 silly audit   'embla-carousel-react': [ '8.6.0' ],
202 silly audit   'embla-carousel-reactive-utils': [ '8.6.0' ],
202 silly audit   'emoji-regex': [ '9.2.2' ],
202 silly audit   empathic: [ '2.0.0' ],
202 silly audit   'enhanced-resolve': [ '5.19.0' ],
202 silly audit   'error-ex': [ '1.3.4' ],
202 silly audit   'es-abstract': [ '1.24.1' ],
202 silly audit   'es-define-property': [ '1.0.1' ],
202 silly audit   'es-errors': [ '1.3.0' ],
202 silly audit   'es-iterator-helpers': [ '1.2.2' ],
202 silly audit   'es-object-atoms': [ '1.1.1' ],
202 silly audit   'es-set-tostringtag': [ '2.1.0' ],
202 silly audit   'es-shim-unscopables': [ '1.1.0' ],
202 silly audit   'es-to-primitive': [ '1.3.0' ],
202 silly audit   escalade: [ '3.2.0' ],
202 silly audit   'escape-string-regexp': [ '4.0.0' ],
202 silly audit   eslint: [ '9.39.3' ],
202 silly audit   'eslint-config-next': [ '16.1.6' ],
202 silly audit   globals: [ '16.4.0', '14.0.0' ],
202 silly audit   'eslint-import-resolver-node': [ '0.3.9' ],
202 silly audit   'eslint-import-resolver-typescript': [ '3.10.1' ],
202 silly audit   'eslint-module-utils': [ '2.12.1' ],
202 silly audit   'eslint-plugin-import': [ '2.32.0' ],
202 silly audit   'eslint-plugin-jsx-a11y': [ '6.10.2' ],
202 silly audit   'eslint-plugin-react': [ '7.37.5' ],
202 silly audit   'eslint-plugin-react-hooks': [ '7.0.1' ],
202 silly audit   resolve: [ '2.0.0-next.6', '1.22.11' ],
202 silly audit   'eslint-scope': [ '8.4.0' ],
202 silly audit   espree: [ '10.4.0' ],
202 silly audit   esquery: [ '1.7.0' ],
202 silly audit   esrecurse: [ '4.3.0' ],
202 silly audit   estraverse: [ '5.3.0' ],
202 silly audit   esutils: [ '2.0.3' ],
202 silly audit   exsolve: [ '1.0.8' ],
202 silly audit   'fast-check': [ '3.23.2' ],
202 silly audit   'fast-deep-equal': [ '3.1.3' ],
202 silly audit   'fast-glob': [ '3.3.1' ],
202 silly audit   'glob-parent': [ '5.1.2', '6.0.2' ],
202 silly audit   'fast-json-stable-stringify': [ '2.1.0' ],
202 silly audit   'fast-levenshtein': [ '2.0.6' ],
202 silly audit   fastq: [ '1.20.1' ],
202 silly audit   'fetch-blob': [ '3.2.0' ],
202 silly audit   'file-entry-cache': [ '8.0.0' ],
202 silly audit   'fill-range': [ '7.1.1' ],
202 silly audit   'find-root': [ '1.1.0' ],
202 silly audit   'find-up': [ '5.0.0' ],
202 silly audit   'flat-cache': [ '4.0.1' ],
202 silly audit   flatted: [ '3.3.3' ],
202 silly audit   'for-each': [ '0.3.5' ],
202 silly audit   'formdata-polyfill': [ '4.0.10' ],
202 silly audit   'framer-motion': [ '12.34.3' ],
202 silly audit   'function-bind': [ '1.1.2' ],
202 silly audit   'function.prototype.name': [ '1.1.8' ],
202 silly audit   'functions-have-names': [ '1.2.3' ],
202 silly audit   'generator-function': [ '2.0.1' ],
202 silly audit   gensync: [ '1.0.0-beta.2' ],
202 silly audit   'get-intrinsic': [ '1.3.0' ],
202 silly audit   'get-nonce': [ '1.0.1' ],
202 silly audit   'get-proto': [ '1.0.1' ],
202 silly audit   'get-symbol-description': [ '1.1.0' ],
202 silly audit   'get-tsconfig': [ '4.13.6' ],
202 silly audit   giget: [ '2.0.0' ],
202 silly audit   globalthis: [ '1.0.4' ],
202 silly audit   gopd: [ '1.2.0' ],
202 silly audit   'graceful-fs': [ '4.2.11' ],
202 silly audit   'has-bigints': [ '1.1.0' ],
202 silly audit   'has-flag': [ '4.0.0' ],
202 silly audit   'has-property-descriptors': [ '1.0.2' ],
202 silly audit   'has-proto': [ '1.2.0' ],
202 silly audit   'has-symbols': [ '1.1.0' ],
202 silly audit   'has-tostringtag': [ '1.0.2' ],
202 silly audit   hasown: [ '2.0.2' ],
202 silly audit   'hermes-estree': [ '0.25.1' ],
202 silly audit   'hermes-parser': [ '0.25.1' ],
202 silly audit   'hoist-non-react-statics': [ '3.3.2' ],
202 silly audit   'https-proxy-agent': [ '7.0.6' ],
202 silly audit   'iceberg-js': [ '0.8.1' ],
202 silly audit   'import-fresh': [ '3.3.1' ],
202 silly audit   imurmurhash: [ '0.1.4' ],
202 silly audit   'input-otp': [ '1.4.2' ],
202 silly audit   'internal-slot': [ '1.1.0' ],
202 silly audit   'is-array-buffer': [ '3.0.5' ],
202 silly audit   'is-arrayish': [ '0.2.1' ],
202 silly audit   'is-async-function': [ '2.1.1' ],
202 silly audit   'is-bigint': [ '1.1.0' ],
202 silly audit   'is-boolean-object': [ '1.2.2' ],
202 silly audit   'is-bun-module': [ '2.0.0' ],
202 silly audit   'is-callable': [ '1.2.7' ],
202 silly audit   'is-core-module': [ '2.16.1' ],
202 silly audit   'is-data-view': [ '1.0.2' ],
202 silly audit   'is-date-object': [ '1.1.0' ],
202 silly audit   'is-extglob': [ '2.1.1' ],
202 silly audit   'is-finalizationregistry': [ '1.1.1' ],
202 silly audit   'is-generator-function': [ '1.1.2' ],
202 silly audit   'is-glob': [ '4.0.3' ],
202 silly audit   'is-map': [ '2.0.3' ],
202 silly audit   'is-negative-zero': [ '2.0.3' ],
202 silly audit   'is-number': [ '7.0.0' ],
202 silly audit   'is-number-object': [ '1.1.1' ],
202 silly audit   'is-regex': [ '1.2.1' ],
202 silly audit   'is-set': [ '2.0.3' ],
202 silly audit   'is-shared-array-buffer': [ '1.0.4' ],
202 silly audit   'is-string': [ '1.1.1' ],
202 silly audit   'is-symbol': [ '1.1.1' ],
202 silly audit   'is-typed-array': [ '1.1.15' ],
202 silly audit   'is-weakmap': [ '2.0.2' ],
202 silly audit   'is-weakref': [ '1.1.1' ],
202 silly audit   'is-weakset': [ '2.0.4' ],
202 silly audit   isarray: [ '2.0.5' ],
202 silly audit   isexe: [ '2.0.0' ],
202 silly audit   'iterator.prototype': [ '1.1.5' ],
202 silly audit   jiti: [ '2.6.1' ],
202 silly audit   'js-tokens': [ '4.0.0' ],
202 silly audit   'js-yaml': [ '4.1.1' ],
202 silly audit   jsesc: [ '3.1.0' ],
202 silly audit   'json-buffer': [ '3.0.1' ],
202 silly audit   'json-parse-even-better-errors': [ '2.3.1' ],
202 silly audit   'json-schema-traverse': [ '0.4.1' ],
202 silly audit   'json-stable-stringify-without-jsonify': [ '1.0.1' ],
202 silly audit   json2mq: [ '0.2.0' ],
202 silly audit   json5: [ '2.2.3', '1.0.2' ],
202 silly audit   'jsx-ast-utils': [ '3.3.5' ],
202 silly audit   keyv: [ '4.5.4' ],
202 silly audit   'language-subtag-registry': [ '0.3.23' ],
202 silly audit   'language-tags': [ '1.0.9' ],
202 silly audit   levn: [ '0.4.1' ],
202 silly audit   lightningcss: [ '1.31.1' ],
202 silly audit   'lightningcss-android-arm64': [ '1.31.1' ],
202 silly audit   'lightningcss-darwin-arm64': [ '1.31.1' ],
202 silly audit   'lightningcss-darwin-x64': [ '1.31.1' ],
202 silly audit   'lightningcss-freebsd-x64': [ '1.31.1' ],
202 silly audit   'lightningcss-linux-arm-gnueabihf': [ '1.31.1' ],
202 silly audit   'lightningcss-linux-arm64-gnu': [ '1.31.1' ],
202 silly audit   'lightningcss-linux-arm64-musl': [ '1.31.1' ],
202 silly audit   'lightningcss-linux-x64-gnu': [ '1.31.1' ],
202 silly audit   'lightningcss-linux-x64-musl': [ '1.31.1' ],
202 silly audit   'lightningcss-win32-arm64-msvc': [ '1.31.1' ],
202 silly audit   'lightningcss-win32-x64-msvc': [ '1.31.1' ],
202 silly audit   'lines-and-columns': [ '1.2.4' ],
202 silly audit   'locate-path': [ '6.0.0' ],
202 silly audit   'lodash.debounce': [ '4.0.8' ],
202 silly audit   'lodash.merge': [ '4.6.2' ],
202 silly audit   'loose-envify': [ '1.4.0' ],
202 silly audit   'lru-cache': [ '5.1.1' ],
202 silly audit   'lucide-react': [ '0.575.0' ],
202 silly audit   'magic-string': [ '0.30.21' ],
202 silly audit   'math-intrinsics': [ '1.1.0' ],
202 silly audit   merge2: [ '1.4.1' ],
202 silly audit   micromatch: [ '4.0.8' ],
202 silly audit   minimist: [ '1.2.8' ],
202 silly audit   minipass: [ '7.1.3' ],
202 silly audit   minizlib: [ '3.1.0' ],
202 silly audit   motion: [ '12.34.3' ],
202 silly audit   'motion-dom': [ '12.34.3' ],
202 silly audit   'motion-utils': [ '12.29.2' ],
202 silly audit   ms: [ '2.1.3' ],
202 silly audit   nanoid: [ '3.3.11' ],
202 silly audit   'napi-postinstall': [ '0.3.4' ],
202 silly audit   'natural-compare': [ '1.4.0' ],
202 silly audit   next: [ '16.1.6' ],
202 silly audit   'next-themes': [ '0.4.6' ],
202 silly audit   postcss: [ '8.4.31', '8.5.6' ],
202 silly audit   'node-domexception': [ '1.0.0' ],
202 silly audit   'node-exports-info': [ '1.6.0' ],
202 silly audit   'node-fetch': [ '3.3.2' ],
202 silly audit   'node-fetch-native': [ '1.6.7' ],
202 silly audit   'node-releases': [ '2.0.27' ],
202 silly audit   'npm-normalize-package-bin': [ '5.0.0' ],
202 silly audit   nypm: [ '0.6.5' ],
202 silly audit   'object-assign': [ '4.1.1' ],
202 silly audit   'object-inspect': [ '1.13.4' ],
202 silly audit   'object-keys': [ '1.1.1' ],
202 silly audit   'object.assign': [ '4.1.7' ],
202 silly audit   'object.entries': [ '1.1.9' ],
202 silly audit   'object.fromentries': [ '2.0.8' ],
202 silly audit   'object.groupby': [ '1.0.3' ],
202 silly audit   'object.values': [ '1.2.1' ],
202 silly audit   ohash: [ '2.0.11' ],
202 silly audit   optionator: [ '0.9.4' ],
202 silly audit   'own-keys': [ '1.0.1' ],
202 silly audit   'p-limit': [ '3.1.0' ],
202 silly audit   'p-locate': [ '5.0.0' ],
202 silly audit   'parent-module': [ '1.0.1' ],
202 silly audit   'parse-json': [ '5.2.0' ],
202 silly audit   'path-exists': [ '4.0.0' ],
202 silly audit   'path-key': [ '3.1.1' ],
202 silly audit   'path-parse': [ '1.0.7' ],
202 silly audit   'path-type': [ '4.0.0' ],
202 silly audit   pathe: [ '2.0.3' ],
202 silly audit   'perfect-debounce': [ '1.0.0' ],
202 silly audit   picocolors: [ '1.1.1' ],
202 silly audit   picomatch: [ '2.3.1', '4.0.3' ],
202 silly audit   'pkg-types': [ '2.3.0' ],
202 silly audit   'possible-typed-array-names': [ '1.1.0' ],
202 silly audit   'prelude-ls': [ '1.2.1' ],
202 silly audit   prisma: [ '6.19.2' ],
202 silly audit   'proc-log': [ '6.1.0' ],
202 silly audit   'prop-types': [ '15.8.1' ],
202 silly audit   punycode: [ '2.3.1' ],
202 silly audit   'pure-rand': [ '6.1.0' ],
202 silly audit   'queue-microtask': [ '1.2.3' ],
202 silly audit   rc9: [ '2.1.2' ],
202 silly audit   react: [ '19.2.3' ],
202 silly audit   'react-dom': [ '19.2.3' ],
202 silly audit   'react-hook-form': [ '7.71.2' ],
202 silly audit   'react-remove-scroll': [ '2.7.2' ],
202 silly audit   'react-remove-scroll-bar': [ '2.3.8' ],
202 silly audit   'react-slick': [ '0.31.0' ],
202 silly audit   'react-style-singleton': [ '2.2.3' ],
202 silly audit   'react-transition-group': [ '4.4.5' ],
202 silly audit   'read-cmd-shim': [ '6.0.0' ],
202 silly audit   readdirp: [ '4.1.2' ],
202 silly audit   'reflect.getprototypeof': [ '1.0.10' ],
202 silly audit   'regexp.prototype.flags': [ '1.5.4' ],
202 silly audit   'resize-observer-polyfill': [ '1.5.1' ],
202 silly audit   'resolve-from': [ '4.0.0' ],
202 silly audit   'resolve-pkg-maps': [ '1.0.0' ],
202 silly audit   reusify: [ '1.1.0' ],
202 silly audit   'run-parallel': [ '1.2.0' ],
202 silly audit   'safe-array-concat': [ '1.1.3' ],
202 silly audit   'safe-push-apply': [ '1.0.0' ],
202 silly audit   'safe-regex-test': [ '1.1.0' ],
202 silly audit   scheduler: [ '0.27.0' ],
202 silly audit   'set-function-length': [ '1.2.2' ],
202 silly audit   'set-function-name': [ '2.0.2' ],
202 silly audit   'set-proto': [ '1.0.0' ],
202 silly audit   sharp: [ '0.34.5' ],
202 silly audit   'shebang-command': [ '2.0.0' ],
202 silly audit   'shebang-regex': [ '3.0.0' ],
202 silly audit   'side-channel': [ '1.1.0' ],
202 silly audit   'side-channel-list': [ '1.0.0' ],
202 silly audit   'side-channel-map': [ '1.0.1' ],
202 silly audit   'side-channel-weakmap': [ '1.0.2' ],
202 silly audit   'signal-exit': [ '4.1.0' ],
202 silly audit   sonner: [ '2.0.7' ],
202 silly audit   'source-map': [ '0.5.7' ],
202 silly audit   'source-map-js': [ '1.2.1' ],
202 silly audit   'stable-hash': [ '0.0.5' ],
202 silly audit   'stop-iteration-iterator': [ '1.1.0' ],
202 silly audit   'string-convert': [ '0.2.1' ],
202 silly audit   'string.prototype.includes': [ '2.0.1' ],
202 silly audit   'string.prototype.matchall': [ '4.0.12' ],
202 silly audit   'string.prototype.repeat': [ '1.0.0' ],
202 silly audit   'string.prototype.trim': [ '1.2.10' ],
202 silly audit   'string.prototype.trimend': [ '1.0.9' ],
202 silly audit   'string.prototype.trimstart': [ '1.0.8' ],
202 silly audit   'strip-bom': [ '3.0.0' ],
202 silly audit   'strip-json-comments': [ '3.1.1' ],
202 silly audit   'styled-jsx': [ '5.1.6' ],
202 silly audit   stylis: [ '4.2.0' ],
202 silly audit   supabase: [ '2.76.12' ],
202 silly audit   'supports-color': [ '7.2.0' ],
202 silly audit   'supports-preserve-symlinks-flag': [ '1.0.0' ],
202 silly audit   'tailwind-merge': [ '3.5.0' ],
202 silly audit   tailwindcss: [ '4.2.0' ],
202 silly audit   tapable: [ '2.3.0' ],
202 silly audit   tar: [ '7.5.9' ],
202 silly audit   yallist: [ '5.0.0', '3.1.1' ],
202 silly audit   'tiny-invariant': [ '1.3.3' ],
202 silly audit   tinyexec: [ '1.0.2' ],
202 silly audit   tinyglobby: [ '0.2.15' ],
202 silly audit   fdir: [ '6.5.0' ],
202 silly audit   'to-regex-range': [ '5.0.1' ],
202 silly audit   'ts-api-utils': [ '2.4.0' ],
202 silly audit   'tsconfig-paths': [ '3.15.0' ],
202 silly audit   tslib: [ '2.8.1' ],
202 silly audit   'tw-animate-css': [ '1.4.0' ],
202 silly audit   'type-check': [ '0.4.0' ],
202 silly audit   'typed-array-buffer': [ '1.0.3' ],
202 silly audit   'typed-array-byte-length': [ '1.0.3' ],
202 silly audit   'typed-array-byte-offset': [ '1.0.4' ],
202 silly audit   'typed-array-length': [ '1.0.7' ],
202 silly audit   typescript: [ '5.9.3' ],
202 silly audit   'typescript-eslint': [ '8.56.0' ],
202 silly audit   'unbox-primitive': [ '1.1.0' ],
202 silly audit   'undici-types': [ '6.21.0' ],
202 silly audit   'unrs-resolver': [ '1.11.1' ],
202 silly audit   'update-browserslist-db': [ '1.2.3' ],
202 silly audit   'uri-js': [ '4.4.1' ],
202 silly audit   'use-callback-ref': [ '1.3.3' ],
202 silly audit   'use-sidecar': [ '1.1.3' ],
202 silly audit   'use-sync-external-store': [ '1.6.0' ],
202 silly audit   vaul: [ '1.1.2' ],
202 silly audit   'web-streams-polyfill': [ '3.3.3' ],
202 silly audit   which: [ '2.0.2' ],
202 silly audit   'which-boxed-primitive': [ '1.1.1' ],
202 silly audit   'which-builtin-type': [ '1.2.1' ],
202 silly audit   'which-collection': [ '1.0.2' ],
202 silly audit   'which-typed-array': [ '1.1.20' ],
202 silly audit   'word-wrap': [ '1.2.5' ],
202 silly audit   'write-file-atomic': [ '7.0.0' ],
202 silly audit   ws: [ '8.19.0' ],
202 silly audit   yaml: [ '1.10.2' ],
202 silly audit   'yocto-queue': [ '0.1.0' ],
202 silly audit   zod: [ '4.3.6' ],
202 silly audit   'zod-validation-error': [ '4.0.2' ],
202 silly audit   'date-fns': [ '3.6.0' ],
202 silly audit   'react-day-picker': [ '8.10.1' ],
202 silly audit   'react-resizable-panels': [ '2.1.7' ],
202 silly audit   recharts: [ '2.15.2' ],
202 silly audit   eventemitter3: [ '4.0.7' ],
202 silly audit   lodash: [ '4.17.23' ],
202 silly audit   'react-smooth': [ '4.0.4' ],
202 silly audit   'recharts-scale': [ '0.4.5' ],
202 silly audit   'victory-vendor': [ '36.9.2' ],
202 silly audit   'fast-equals': [ '5.4.0' ],
202 silly audit   'decimal.js-light': [ '2.5.1' ],
202 silly audit   '@types/d3-array': [ '3.2.2' ],
202 silly audit   '@types/d3-ease': [ '3.0.2' ],
202 silly audit   '@types/d3-interpolate': [ '3.0.4' ],
202 silly audit   '@types/d3-scale': [ '4.0.9' ],
202 silly audit   '@types/d3-shape': [ '3.1.8' ],
202 silly audit   '@types/d3-time': [ '3.0.4' ],
202 silly audit   '@types/d3-timer': [ '3.0.2' ],
202 silly audit   'd3-array': [ '3.2.4' ],
202 silly audit   'd3-ease': [ '3.0.1' ],
202 silly audit   'd3-interpolate': [ '3.0.1' ],
202 silly audit   'd3-scale': [ '4.0.2' ],
202 silly audit   'd3-shape': [ '3.2.0' ],
202 silly audit   'd3-time': [ '3.1.0' ],
202 silly audit   'd3-timer': [ '3.0.1' ],
202 silly audit   '@types/d3-color': [ '3.1.3' ],
202 silly audit   '@types/d3-path': [ '3.1.1' ],
202 silly audit   internmap: [ '2.0.3' ],
202 silly audit   'd3-color': [ '3.1.0' ],
202 silly audit   'd3-format': [ '3.1.2' ],
202 silly audit   'd3-time-format': [ '4.1.0' ],
202 silly audit   'd3-path': [ '3.1.0' ]
202 silly audit }
203 http cache fast-equals@https://registry.npmjs.org/fast-equals/-/fast-equals-5.4.0.tgz 1ms (cache hit)
204 http cache recharts-scale@https://registry.npmjs.org/recharts-scale/-/recharts-scale-0.4.5.tgz 0ms (cache hit)
205 http cache react-smooth@https://registry.npmjs.org/react-smooth/-/react-smooth-4.0.4.tgz 0ms (cache hit)
206 http cache recharts@https://registry.npmjs.org/recharts/-/recharts-2.15.2.tgz 1ms (cache hit)
207 http cache lodash@https://registry.npmjs.org/lodash/-/lodash-4.17.23.tgz 0ms (cache hit)
208 http cache react-resizable-panels@https://registry.npmjs.org/react-resizable-panels/-/react-resizable-panels-2.1.7.tgz 0ms (cache hit)
209 http cache react-day-picker@https://registry.npmjs.org/react-day-picker/-/react-day-picker-8.10.1.tgz 0ms (cache hit)
210 http cache victory-vendor@https://registry.npmjs.org/victory-vendor/-/victory-vendor-36.9.2.tgz 0ms (cache hit)
211 silly tarball no local data for fast-equals@https://registry.npmjs.org/fast-equals/-/fast-equals-5.4.0.tgz. Extracting by manifest.
212 silly tarball no local data for recharts-scale@https://registry.npmjs.org/recharts-scale/-/recharts-scale-0.4.5.tgz. Extracting by manifest.
213 silly tarball no local data for react-smooth@https://registry.npmjs.org/react-smooth/-/react-smooth-4.0.4.tgz. Extracting by manifest.
214 silly tarball no local data for recharts@https://registry.npmjs.org/recharts/-/recharts-2.15.2.tgz. Extracting by manifest.
215 silly tarball no local data for lodash@https://registry.npmjs.org/lodash/-/lodash-4.17.23.tgz. Extracting by manifest.
216 http cache eventemitter3@https://registry.npmjs.org/eventemitter3/-/eventemitter3-4.0.7.tgz 0ms (cache hit)
217 silly tarball no local data for react-resizable-panels@https://registry.npmjs.org/react-resizable-panels/-/react-resizable-panels-2.1.7.tgz. Extracting by manifest.
218 silly tarball no local data for react-day-picker@https://registry.npmjs.org/react-day-picker/-/react-day-picker-8.10.1.tgz. Extracting by manifest.
219 http cache react-is@https://registry.npmjs.org/react-is/-/react-is-18.3.1.tgz 0ms (cache hit)
220 silly tarball no local data for victory-vendor@https://registry.npmjs.org/victory-vendor/-/victory-vendor-36.9.2.tgz. Extracting by manifest.
221 http cache date-fns@https://registry.npmjs.org/date-fns/-/date-fns-3.6.0.tgz 0ms (cache hit)
222 silly tarball no local data for eventemitter3@https://registry.npmjs.org/eventemitter3/-/eventemitter3-4.0.7.tgz. Extracting by manifest.
223 silly tarball no local data for react-is@https://registry.npmjs.org/react-is/-/react-is-18.3.1.tgz. Extracting by manifest.
224 silly tarball no local data for date-fns@https://registry.npmjs.org/date-fns/-/date-fns-3.6.0.tgz. Extracting by manifest.
225 http fetch GET 200 https://registry.npmjs.org/recharts-scale/-/recharts-scale-0.4.5.tgz 125ms (cache miss)
226 http fetch GET 200 https://registry.npmjs.org/fast-equals/-/fast-equals-5.4.0.tgz 151ms (cache miss)
227 http fetch GET 200 https://registry.npmjs.org/react-smooth/-/react-smooth-4.0.4.tgz 185ms (cache miss)
228 http fetch GET 200 https://registry.npmjs.org/react-is/-/react-is-18.3.1.tgz 193ms (cache miss)
229 http fetch POST 200 https://registry.npmjs.org/-/npm/v1/security/advisories/bulk 209ms
230 silly audit report {
230 silly audit report   minimatch: [
230 silly audit report     {
230 silly audit report       id: 1113371,
230 silly audit report       url: 'https://github.com/advisories/GHSA-3ppc-4f35-3m26',
230 silly audit report       title: 'minimatch has a ReDoS via repeated wildcards with non-matching literal in pattern',
230 silly audit report       severity: 'high',
230 silly audit report       vulnerable_versions: '<10.2.1',
230 silly audit report       cwe: [Array],
230 silly audit report       cvss: [Object]
230 silly audit report     }
230 silly audit report   ]
230 silly audit report }
231 silly packumentCache corgi:https://registry.npmjs.org/minimatch cache-miss
232 http fetch GET 200 https://registry.npmjs.org/eventemitter3/-/eventemitter3-4.0.7.tgz 211ms (cache miss)
233 http cache https://registry.npmjs.org/minimatch 19ms (cache hit)
234 silly packumentCache corgi:https://registry.npmjs.org/minimatch set size:154574 disposed:false
235 silly packumentCache corgi:https://registry.npmjs.org/@typescript-eslint%2ftypescript-estree cache-miss
236 silly packumentCache corgi:https://registry.npmjs.org/@eslint%2fconfig-array cache-miss
237 silly packumentCache corgi:https://registry.npmjs.org/@eslint%2feslintrc cache-miss
238 silly packumentCache corgi:https://registry.npmjs.org/eslint cache-miss
239 silly packumentCache corgi:https://registry.npmjs.org/eslint-plugin-import cache-miss
240 silly packumentCache corgi:https://registry.npmjs.org/eslint-plugin-jsx-a11y cache-miss
241 silly packumentCache corgi:https://registry.npmjs.org/eslint-plugin-react cache-miss
242 http cache https://registry.npmjs.org/@typescript-eslint%2ftypescript-estree 32ms (cache hit)
243 silly packumentCache corgi:https://registry.npmjs.org/@typescript-eslint%2ftypescript-estree set size:8494054 disposed:false
244 http cache https://registry.npmjs.org/@eslint%2fconfig-array 149ms (cache hit)
245 silly packumentCache corgi:https://registry.npmjs.org/@eslint%2fconfig-array set size:15303 disposed:false
246 http cache https://registry.npmjs.org/eslint-plugin-jsx-a11y 147ms (cache hit)
247 silly packumentCache corgi:https://registry.npmjs.org/eslint-plugin-jsx-a11y set size:108835 disposed:false
248 http cache https://registry.npmjs.org/eslint-plugin-import 151ms (cache hit)
249 silly packumentCache corgi:https://registry.npmjs.org/eslint-plugin-import set size:238396 disposed:false
250 http cache https://registry.npmjs.org/eslint-plugin-react 154ms (cache hit)
251 silly packumentCache corgi:https://registry.npmjs.org/eslint-plugin-react set size:309843 disposed:false
252 http cache https://registry.npmjs.org/eslint 159ms (cache hit)
253 silly packumentCache corgi:https://registry.npmjs.org/eslint set size:1132877 disposed:false
254 http cache https://registry.npmjs.org/@eslint%2feslintrc 166ms (cache hit)
255 silly packumentCache corgi:https://registry.npmjs.org/@eslint%2feslintrc set size:80753 disposed:false
256 silly packumentCache corgi:https://registry.npmjs.org/@typescript-eslint%2fparser cache-miss
257 silly packumentCache corgi:https://registry.npmjs.org/@typescript-eslint%2ftype-utils cache-miss
258 silly packumentCache corgi:https://registry.npmjs.org/@typescript-eslint%2futils cache-miss
259 silly packumentCache corgi:https://registry.npmjs.org/typescript-eslint cache-miss
260 http cache https://registry.npmjs.org/@typescript-eslint%2ftype-utils 26ms (cache hit)
261 silly packumentCache corgi:https://registry.npmjs.org/@typescript-eslint%2ftype-utils set size:4507154 disposed:false
262 http cache https://registry.npmjs.org/@typescript-eslint%2fparser 74ms (cache hit)
263 silly packumentCache corgi:https://registry.npmjs.org/@typescript-eslint%2fparser set size:7892767 disposed:false
264 http cache https://registry.npmjs.org/typescript-eslint 169ms (cache hit)
265 silly packumentCache corgi:https://registry.npmjs.org/typescript-eslint set size:1533651 disposed:false
266 http cache https://registry.npmjs.org/@typescript-eslint%2futils 206ms (cache hit)
267 silly packumentCache corgi:https://registry.npmjs.org/@typescript-eslint%2futils set size:4517972 disposed:false
268 silly packumentCache corgi:https://registry.npmjs.org/eslint-config-next cache-miss
269 http cache https://registry.npmjs.org/eslint-config-next 269ms (cache hit)
270 silly packumentCache corgi:https://registry.npmjs.org/eslint-config-next set size:3714238 disposed:false
271 silly packumentCache corgi:https://registry.npmjs.org/@typescript-eslint%2feslint-plugin cache-miss
272 http fetch GET 200 https://registry.npmjs.org/react-resizable-panels/-/react-resizable-panels-2.1.7.tgz 1451ms (cache miss)
273 http cache https://registry.npmjs.org/@typescript-eslint%2feslint-plugin 37ms (cache hit)
274 silly packumentCache corgi:https://registry.npmjs.org/@typescript-eslint%2feslint-plugin set size:9349854 disposed:false
275 http fetch GET 200 https://registry.npmjs.org/react-day-picker/-/react-day-picker-8.10.1.tgz 2375ms (cache miss)
276 http fetch GET 200 https://registry.npmjs.org/recharts/-/recharts-2.15.2.tgz 2439ms (cache miss)
277 http fetch GET 200 https://registry.npmjs.org/lodash/-/lodash-4.17.23.tgz 2733ms (cache miss)
278 http fetch GET 200 https://registry.npmjs.org/victory-vendor/-/victory-vendor-36.9.2.tgz 2741ms (cache miss)
279 http fetch GET 200 https://registry.npmjs.org/date-fns/-/date-fns-3.6.0.tgz 6120ms (cache miss)
280 silly ADD node_modules/fast-equals
281 silly ADD node_modules/recharts-scale
282 silly ADD node_modules/react-smooth
283 silly ADD node_modules/lodash
284 silly CHANGE node_modules/victory-vendor
285 silly REMOVE node_modules/reselect
286 silly REMOVE node_modules/redux-thunk
287 silly REMOVE node_modules/redux
288 silly CHANGE node_modules/recharts
289 silly ADD node_modules/recharts/node_modules/react-is
290 silly CHANGE node_modules/react-resizable-panels
291 silly REMOVE node_modules/react-redux
292 silly CHANGE node_modules/react-day-picker
293 silly REMOVE node_modules/immer
294 silly CHANGE node_modules/eventemitter3
295 silly REMOVE node_modules/es-toolkit
296 silly REMOVE node_modules/date-fns-jalali
297 silly CHANGE node_modules/date-fns
298 silly REMOVE node_modules/@types/use-sync-external-store
299 silly REMOVE node_modules/@standard-schema/utils
300 silly REMOVE node_modules/@reduxjs/toolkit
301 silly REMOVE node_modules/@reduxjs/toolkit/node_modules/immer
302 silly REMOVE node_modules/@date-fns/tz
303 verbose cwd /Users/carloscano/Desktop/CV definitivo/cv-admin-next
304 verbose os Darwin 24.6.0
305 verbose node v24.13.0
306 verbose npm  v11.6.2
307 verbose exit 0
308 info ok
