0 verbose cli /usr/local/bin/node /usr/local/bin/npm
1 info using npm@11.6.2
2 info using node@v24.13.0
3 silly config load:file:/usr/local/lib/node_modules/npm/npmrc
4 silly config load:file:/Users/carloscano/Desktop/CV definitivo/cv-admin-next/.npmrc
5 silly config load:file:/Users/carloscano/.npmrc
6 silly config load:file:/usr/local/etc/npmrc
7 verbose title npm install html2canvas jspdf
8 verbose argv "install" "html2canvas" "jspdf"
9 verbose logfile logs-max:10 dir:/Users/carloscano/Desktop/CV definitivo/cv-admin-next/.npm-cache/_logs/2026-02-22T17_35_16_529Z-
10 verbose logfile /Users/carloscano/Desktop/CV definitivo/cv-admin-next/.npm-cache/_logs/2026-02-22T17_35_16_529Z-debug-0.log
11 silly logfile start cleaning logs, removing 1 files
12 silly logfile done cleaning log files
13 silly packumentCache heap:4496293888 maxSize:1124073472 maxEntrySize:562036736
14 silly idealTree buildDeps
15 silly fetch manifest html2canvas@*
16 silly packumentCache full:https://registry.npmjs.org/html2canvas cache-miss
17 http fetch GET 200 https://registry.npmjs.org/html2canvas 283ms (cache miss)
18 silly packumentCache full:https://registry.npmjs.org/html2canvas set size:undefined disposed:false
19 silly fetch manifest jspdf@*
20 silly packumentCache full:https://registry.npmjs.org/jspdf cache-miss
21 http fetch GET 200 https://registry.npmjs.org/jspdf 50ms (cache miss)
22 silly packumentCache full:https://registry.npmjs.org/jspdf set size:undefined disposed:false
23 silly placeDep ROOT html2canvas@1.4.1 OK for: cv-admin-next@0.1.0 want: *
24 silly placeDep ROOT jspdf@4.2.0 OK for: cv-admin-next@0.1.0 want: *
25 silly fetch manifest css-line-break@^2.1.0
26 silly packumentCache full:https://registry.npmjs.org/css-line-break cache-miss
27 silly fetch manifest text-segmentation@^1.0.3
28 silly packumentCache full:https://registry.npmjs.org/text-segmentation cache-miss
29 silly fetch manifest fflate@^0.8.1
30 silly packumentCache full:https://registry.npmjs.org/fflate cache-miss
31 silly fetch manifest fast-png@^6.2.0
32 silly packumentCache full:https://registry.npmjs.org/fast-png cache-miss
33 silly fetch manifest canvg@^3.0.11
34 silly packumentCache full:https://registry.npmjs.org/canvg cache-miss
35 silly fetch manifest core-js@^3.6.0
36 silly packumentCache full:https://registry.npmjs.org/core-js cache-miss
37 silly fetch manifest dompurify@^3.3.1
38 silly packumentCache full:https://registry.npmjs.org/dompurify cache-miss
39 http fetch GET 200 https://registry.npmjs.org/fflate 149ms (cache miss)
40 silly packumentCache full:https://registry.npmjs.org/fflate set size:undefined disposed:false
41 http fetch GET 200 https://registry.npmjs.org/core-js 206ms (cache miss)
42 silly packumentCache full:https://registry.npmjs.org/core-js set size:undefined disposed:false
43 http fetch GET 200 https://registry.npmjs.org/css-line-break 234ms (cache miss)
44 silly packumentCache full:https://registry.npmjs.org/css-line-break set size:undefined disposed:false
45 http fetch GET 200 https://registry.npmjs.org/text-segmentation 320ms (cache miss)
46 silly packumentCache full:https://registry.npmjs.org/text-segmentation set size:undefined disposed:false
47 http fetch GET 200 https://registry.npmjs.org/fast-png 321ms (cache miss)
48 silly packumentCache full:https://registry.npmjs.org/fast-png set size:undefined disposed:false
49 http fetch GET 200 https://registry.npmjs.org/dompurify 355ms (cache miss)
50 silly packumentCache full:https://registry.npmjs.org/dompurify set size:undefined disposed:false
51 http fetch GET 200 https://registry.npmjs.org/canvg 653ms (cache miss)
52 silly packumentCache full:https://registry.npmjs.org/canvg set size:undefined disposed:false
53 silly placeDep ROOT css-line-break@2.1.0 OK for: html2canvas@1.4.1 want: ^2.1.0
54 silly placeDep ROOT text-segmentation@1.0.3 OK for: html2canvas@1.4.1 want: ^1.0.3
55 silly fetch manifest utrie@^1.0.2
56 silly packumentCache full:https://registry.npmjs.org/utrie cache-miss
57 silly fetch manifest utrie@^1.0.2
58 silly packumentCache full:https://registry.npmjs.org/utrie cache-miss
59 http fetch GET 200 https://registry.npmjs.org/utrie 232ms (cache miss)
60 silly packumentCache full:https://registry.npmjs.org/utrie set size:undefined disposed:false
61 http fetch GET 200 https://registry.npmjs.org/utrie 241ms (cache miss)
62 silly packumentCache full:https://registry.npmjs.org/utrie set size:undefined disposed:false
63 silly placeDep ROOT utrie@1.0.2 OK for: css-line-break@2.1.0 want: ^1.0.2
64 silly fetch manifest base64-arraybuffer@^1.0.2
65 silly packumentCache full:https://registry.npmjs.org/base64-arraybuffer cache-miss
66 http fetch GET 200 https://registry.npmjs.org/base64-arraybuffer 60ms (cache miss)
67 silly packumentCache full:https://registry.npmjs.org/base64-arraybuffer set size:undefined disposed:false
68 silly placeDep ROOT canvg@3.0.11 OK for: jspdf@4.2.0 want: ^3.0.11
69 silly placeDep ROOT core-js@3.48.0 OK for: jspdf@4.2.0 want: ^3.6.0
70 silly placeDep ROOT dompurify@3.3.1 OK for: jspdf@4.2.0 want: ^3.3.1
71 silly placeDep ROOT fast-png@6.4.0 OK for: jspdf@4.2.0 want: ^6.2.0
72 silly placeDep ROOT fflate@0.8.2 OK for: jspdf@4.2.0 want: ^0.8.1
73 silly fetch manifest raf@^3.4.1
74 silly packumentCache full:https://registry.npmjs.org/raf cache-miss
75 silly fetch manifest core-js@^3.8.3
76 silly packumentCache full:https://registry.npmjs.org/core-js cache-miss
77 silly fetch manifest rgbcolor@^1.0.1
78 silly packumentCache full:https://registry.npmjs.org/rgbcolor cache-miss
79 silly fetch manifest @types/raf@^3.4.0
80 silly packumentCache full:https://registry.npmjs.org/@types%2fraf cache-miss
81 silly fetch manifest svg-pathdata@^6.0.3
82 silly packumentCache full:https://registry.npmjs.org/svg-pathdata cache-miss
83 silly fetch manifest stackblur-canvas@^2.0.0
84 silly packumentCache full:https://registry.npmjs.org/stackblur-canvas cache-miss
85 silly fetch manifest regenerator-runtime@^0.13.7
86 silly packumentCache full:https://registry.npmjs.org/regenerator-runtime cache-miss
87 http cache https://registry.npmjs.org/core-js 15ms (cache hit)
88 silly packumentCache full:https://registry.npmjs.org/core-js set size:776323 disposed:false
89 silly fetch manifest @types/trusted-types@^2.0.7
90 silly packumentCache full:https://registry.npmjs.org/@types%2ftrusted-types cache-miss
91 http fetch GET 200 https://registry.npmjs.org/regenerator-runtime 53ms (cache miss)
92 silly packumentCache full:https://registry.npmjs.org/regenerator-runtime set size:undefined disposed:false
93 silly fetch manifest pako@^2.1.0
94 silly packumentCache full:https://registry.npmjs.org/pako cache-miss
95 http fetch GET 200 https://registry.npmjs.org/@types%2ftrusted-types 75ms (cache miss)
96 silly packumentCache full:https://registry.npmjs.org/@types%2ftrusted-types set size:undefined disposed:false
97 silly fetch manifest iobuffer@^5.3.2
98 silly packumentCache full:https://registry.npmjs.org/iobuffer cache-miss
99 http fetch GET 200 https://registry.npmjs.org/pako 44ms (cache miss)
100 silly packumentCache full:https://registry.npmjs.org/pako set size:undefined disposed:false
101 silly fetch manifest @types/pako@^2.0.3
102 silly packumentCache full:https://registry.npmjs.org/@types%2fpako cache-miss
103 http fetch GET 200 https://registry.npmjs.org/stackblur-canvas 215ms (cache miss)
104 silly packumentCache full:https://registry.npmjs.org/stackblur-canvas set size:undefined disposed:false
105 http fetch GET 200 https://registry.npmjs.org/svg-pathdata 241ms (cache miss)
106 silly packumentCache full:https://registry.npmjs.org/svg-pathdata set size:undefined disposed:false
107 http fetch GET 200 https://registry.npmjs.org/rgbcolor 243ms (cache miss)
108 silly packumentCache full:https://registry.npmjs.org/rgbcolor set size:undefined disposed:false
109 http fetch GET 200 https://registry.npmjs.org/iobuffer 225ms (cache miss)
110 silly packumentCache full:https://registry.npmjs.org/iobuffer set size:undefined disposed:false
111 http fetch GET 200 https://registry.npmjs.org/@types%2fraf 398ms (cache miss)
112 silly packumentCache full:https://registry.npmjs.org/@types%2fraf set size:undefined disposed:false
113 http fetch GET 200 https://registry.npmjs.org/raf 564ms (cache miss)
114 silly packumentCache full:https://registry.npmjs.org/raf set size:undefined disposed:false
115 http fetch GET 200 https://registry.npmjs.org/@types%2fpako 757ms (cache miss)
116 silly packumentCache full:https://registry.npmjs.org/@types%2fpako set size:undefined disposed:false
117 silly placeDep ROOT @types/raf@3.4.3 OK for: canvg@3.0.11 want: ^3.4.0
118 silly placeDep ROOT raf@3.4.1 OK for: canvg@3.0.11 want: ^3.4.1
119 silly placeDep ROOT regenerator-runtime@0.13.11 OK for: canvg@3.0.11 want: ^0.13.7
120 silly placeDep ROOT rgbcolor@1.0.1 OK for: canvg@3.0.11 want: ^1.0.1
121 silly placeDep ROOT stackblur-canvas@2.7.0 OK for: canvg@3.0.11 want: ^2.0.0
122 silly placeDep ROOT svg-pathdata@6.0.3 OK for: canvg@3.0.11 want: ^6.0.3
123 silly fetch manifest performance-now@^2.1.0
124 silly packumentCache full:https://registry.npmjs.org/performance-now cache-miss
125 http fetch GET 200 https://registry.npmjs.org/performance-now 97ms (cache miss)
126 silly packumentCache full:https://registry.npmjs.org/performance-now set size:undefined disposed:false
127 silly placeDep ROOT @types/trusted-types@2.0.7 OK for: dompurify@3.3.1 want: ^2.0.7
128 silly placeDep ROOT @types/pako@2.0.4 OK for: fast-png@6.4.0 want: ^2.0.3
129 silly placeDep ROOT iobuffer@5.4.0 OK for: fast-png@6.4.0 want: ^5.3.2
130 silly placeDep ROOT pako@2.1.0 OK for: fast-png@6.4.0 want: ^2.1.0
131 silly placeDep ROOT performance-now@2.1.0 OK for: raf@3.4.1 want: ^2.1.0
132 silly fetch manifest react@^16.8.0 || ^17.0.0 || ^18.0.0
133 silly packumentCache full:https://registry.npmjs.org/react cache-miss
134 http fetch GET 200 https://registry.npmjs.org/react 111ms (cache revalidated)
135 silly packumentCache full:https://registry.npmjs.org/react set size:6508025 disposed:false
136 verbose stack Error: could not resolve
136 verbose stack     at PlaceDep.failPeerConflict (/usr/local/lib/node_modules/npm/node_modules/@npmcli/arborist/lib/place-dep.js:503:25)
136 verbose stack     at new PlaceDep (/usr/local/lib/node_modules/npm/node_modules/@npmcli/arborist/lib/place-dep.js:157:21)
136 verbose stack     at #buildDepStep (/usr/local/lib/node_modules/npm/node_modules/@npmcli/arborist/lib/arborist/build-ideal-tree.js:945:18)
136 verbose stack     at async Arborist.buildIdealTree (/usr/local/lib/node_modules/npm/node_modules/@npmcli/arborist/lib/arborist/build-ideal-tree.js:182:7)
136 verbose stack     at async Promise.all (index 1)
136 verbose stack     at async Arborist.reify (/usr/local/lib/node_modules/npm/node_modules/@npmcli/arborist/lib/arborist/reify.js:114:5)
136 verbose stack     at async Install.exec (/usr/local/lib/node_modules/npm/lib/commands/install.js:150:5)
136 verbose stack     at async Npm.exec (/usr/local/lib/node_modules/npm/lib/npm.js:208:9)
136 verbose stack     at async module.exports (/usr/local/lib/node_modules/npm/lib/cli/entry.js:67:5)
137 error code ERESOLVE
138 error ERESOLVE could not resolve
139 error
140 error While resolving: react-day-picker@8.10.1
140 error Found: react@19.2.3[2m[22m
140 error [2mnode_modules/react[22m
140 error   [95mpeer[39m react@">=16.8.0" from @emotion/react@11.14.0[2m[22m
140 error   [2mnode_modules/@emotion/react[22m
140 error     [95mpeer[39m @emotion/react@"^11.0.0-rc.0" from @emotion/styled@11.14.1[2m[22m
140 error     [2mnode_modules/@emotion/styled[22m
140 error       peerOptional @emotion/styled@"^11.3.0" from @mui/material@7.3.8[2m[22m
140 error       [2mnode_modules/@mui/material[22m
140 error         [95mpeer[39m @mui/material@"^7.3.8" from @mui/icons-material@7.3.8[2m[22m
140 error         [2mnode_modules/@mui/icons-material[22m
140 error         1 more (the root project)
140 error       3 more (@mui/styled-engine, @mui/system, the root project)
140 error     peerOptional @emotion/react@"^11.5.0" from @mui/material@7.3.8[2m[22m
140 error     [2mnode_modules/@mui/material[22m
140 error       [95mpeer[39m @mui/material@"^7.3.8" from @mui/icons-material@7.3.8[2m[22m
140 error       [2mnode_modules/@mui/icons-material[22m
140 error         @mui/icons-material@"^7.3.8" from the root project
140 error       1 more (the root project)
140 error     3 more (@mui/styled-engine, @mui/system, the root project)
140 error   [95mpeer[39m react@">=16.8.0" from @emotion/styled@11.14.1[2m[22m
140 error   [2mnode_modules/@emotion/styled[22m
140 error     peerOptional @emotion/styled@"^11.3.0" from @mui/material@7.3.8[2m[22m
140 error     [2mnode_modules/@mui/material[22m
140 error       [95mpeer[39m @mui/material@"^7.3.8" from @mui/icons-material@7.3.8[2m[22m
140 error       [2mnode_modules/@mui/icons-material[22m
140 error         @mui/icons-material@"^7.3.8" from the root project
140 error       1 more (the root project)
140 error     peerOptional @emotion/styled@"^11.3.0" from @mui/styled-engine@7.3.8[2m[22m
140 error     [2mnode_modules/@mui/styled-engine[22m
140 error       @mui/styled-engine@"^7.3.8" from @mui/system@7.3.8[2m[22m
140 error       [2mnode_modules/@mui/system[22m
140 error         @mui/system@"^7.3.8" from @mui/material@7.3.8[2m[22m
140 error         [2mnode_modules/@mui/material[22m
140 error     2 more (@mui/system, the root project)
140 error   99 more (@emotion/use-insertion-effect-with-fallbacks, ...)
140 error
140 error Could not resolve dependency:
140 error [95mpeer[39m react@"^16.8.0 || ^17.0.0 || ^18.0.0" from react-day-picker@8.10.1[2m[22m
140 error [2mnode_modules/react-day-picker[22m
140 error   react-day-picker@"^8.10.1" from the root project
140 error
140 error Conflicting peer dependency: react@18.3.1[2m[22m
140 error [2mnode_modules/react[22m
140 error   [95mpeer[39m react@"^16.8.0 || ^17.0.0 || ^18.0.0" from react-day-picker@8.10.1[2m[22m
140 error   [2mnode_modules/react-day-picker[22m
140 error     react-day-picker@"^8.10.1" from the root project
140 error
140 error Fix the upstream dependency conflict, or retry
140 error this command with --force or --legacy-peer-deps
140 error to accept an incorrect (and potentially broken) dependency resolution.
141 error
141 error
141 error For a full report see:
141 error /Users/carloscano/Desktop/CV definitivo/cv-admin-next/.npm-cache/_logs/2026-02-22T17_35_16_529Z-eresolve-report.txt
142 silly unfinished npm timer reify 1771781717703
143 silly unfinished npm timer reify:loadTrees 1771781717704
144 silly unfinished npm timer idealTree:buildDeps 1771781718095
145 silly unfinished npm timer idealTree:node_modules/react-day-picker 1771781720554
146 verbose cwd /Users/carloscano/Desktop/CV definitivo/cv-admin-next
147 verbose os Darwin 24.6.0
148 verbose node v24.13.0
149 verbose npm  v11.6.2
150 verbose exit 1
151 verbose code 1
152 error A complete log of this run can be found in: /Users/carloscano/Desktop/CV definitivo/cv-admin-next/.npm-cache/_logs/2026-02-22T17_35_16_529Z-debug-0.log
