0 verbose cli /usr/local/bin/node /usr/local/bin/npm
1 info using npm@11.6.2
2 info using node@v24.13.0
3 silly config load:file:/usr/local/lib/node_modules/npm/npmrc
4 silly config load:file:/Users/carloscano/Desktop/CV definitivo/cv-admin-next/.npmrc
5 silly config load:file:/Users/carloscano/.npmrc
6 silly config load:file:/usr/local/etc/npmrc
7 verbose title npm install html2canvas jspdf
8 verbose argv "install" "html2canvas" "jspdf" "--legacy-peer-deps"
9 verbose logfile logs-max:10 dir:/Users/carloscano/Desktop/CV definitivo/cv-admin-next/.npm-cache/_logs/2026-02-22T17_35_48_958Z-
10 verbose logfile /Users/carloscano/Desktop/CV definitivo/cv-admin-next/.npm-cache/_logs/2026-02-22T17_35_48_958Z-debug-0.log
11 silly logfile start cleaning logs, removing 1 files
12 silly packumentCache heap:4496293888 maxSize:1124073472 maxEntrySize:562036736
13 silly logfile done cleaning log files
14 silly idealTree buildDeps
15 silly fetch manifest html2canvas@*
16 silly packumentCache full:https://registry.npmjs.org/html2canvas cache-miss
17 http cache https://registry.npmjs.org/html2canvas 72ms (cache hit)
18 silly packumentCache full:https://registry.npmjs.org/html2canvas set size:186292 disposed:false
19 silly fetch manifest jspdf@*
20 silly packumentCache full:https://registry.npmjs.org/jspdf cache-miss
21 http cache https://registry.npmjs.org/jspdf 5ms (cache hit)
22 silly packumentCache full:https://registry.npmjs.org/jspdf set size:139954 disposed:false
23 silly placeDep ROOT html2canvas@1.4.1 OK for: cv-admin-next@0.1.0 want: *
24 silly placeDep ROOT jspdf@4.2.0 OK for: cv-admin-next@0.1.0 want: *
25 silly fetch manifest css-line-break@^2.1.0
26 silly packumentCache full:https://registry.npmjs.org/css-line-break cache-miss
27 silly fetch manifest text-segmentation@^1.0.3
28 silly packumentCache full:https://registry.npmjs.org/text-segmentation cache-miss
29 silly fetch manifest fflate@^0.8.1
30 silly packumentCache full:https://registry.npmjs.org/fflate cache-miss
31 silly fetch manifest fast-png@^6.2.0
32 silly packumentCache full:https://registry.npmjs.org/fast-png cache-miss
33 silly fetch manifest canvg@^3.0.11
34 silly packumentCache full:https://registry.npmjs.org/canvg cache-miss
35 silly fetch manifest core-js@^3.6.0
36 silly packumentCache full:https://registry.npmjs.org/core-js cache-miss
37 silly fetch manifest dompurify@^3.3.1
38 silly packumentCache full:https://registry.npmjs.org/dompurify cache-miss
39 http cache https://registry.npmjs.org/fast-png 17ms (cache hit)
40 silly packumentCache full:https://registry.npmjs.org/fast-png set size:74699 disposed:false
41 http cache https://registry.npmjs.org/fflate 19ms (cache hit)
42 silly packumentCache full:https://registry.npmjs.org/fflate set size:230492 disposed:false
43 http cache https://registry.npmjs.org/css-line-break 22ms (cache hit)
44 silly packumentCache full:https://registry.npmjs.org/css-line-break set size:33209 disposed:false
45 http cache https://registry.npmjs.org/dompurify 20ms (cache hit)
46 silly packumentCache full:https://registry.npmjs.org/dompurify set size:632345 disposed:false
47 http cache https://registry.npmjs.org/canvg 24ms (cache hit)
48 silly packumentCache full:https://registry.npmjs.org/canvg set size:115798 disposed:false
49 http cache https://registry.npmjs.org/text-segmentation 28ms (cache hit)
50 silly packumentCache full:https://registry.npmjs.org/text-segmentation set size:15383 disposed:false
51 http cache https://registry.npmjs.org/core-js 28ms (cache hit)
52 silly packumentCache full:https://registry.npmjs.org/core-js set size:776323 disposed:false
53 silly placeDep ROOT css-line-break@2.1.0 OK for: html2canvas@1.4.1 want: ^2.1.0
54 silly placeDep ROOT text-segmentation@1.0.3 OK for: html2canvas@1.4.1 want: ^1.0.3
55 silly fetch manifest utrie@^1.0.2
56 silly packumentCache full:https://registry.npmjs.org/utrie cache-miss
57 silly fetch manifest utrie@^1.0.2
58 silly packumentCache full:https://registry.npmjs.org/utrie cache-miss
59 http cache https://registry.npmjs.org/utrie 3ms (cache hit)
60 silly packumentCache full:https://registry.npmjs.org/utrie set size:10249 disposed:false
61 http cache https://registry.npmjs.org/utrie 3ms (cache hit)
62 silly packumentCache full:https://registry.npmjs.org/utrie set size:10249 disposed:false
63 silly packumentCache full:https://registry.npmjs.org/utrie dispose
64 silly placeDep ROOT utrie@1.0.2 OK for: css-line-break@2.1.0 want: ^1.0.2
65 silly fetch manifest base64-arraybuffer@^1.0.2
66 silly packumentCache full:https://registry.npmjs.org/base64-arraybuffer cache-miss
67 http cache https://registry.npmjs.org/base64-arraybuffer 15ms (cache hit)
68 silly packumentCache full:https://registry.npmjs.org/base64-arraybuffer set size:21740 disposed:false
69 silly placeDep ROOT canvg@3.0.11 OK for: jspdf@4.2.0 want: ^3.0.11
70 silly placeDep ROOT core-js@3.48.0 OK for: jspdf@4.2.0 want: ^3.6.0
71 silly placeDep ROOT dompurify@3.3.1 OK for: jspdf@4.2.0 want: ^3.3.1
72 silly placeDep ROOT fast-png@6.4.0 OK for: jspdf@4.2.0 want: ^6.2.0
73 silly placeDep ROOT fflate@0.8.2 OK for: jspdf@4.2.0 want: ^0.8.1
74 silly fetch manifest raf@^3.4.1
75 silly packumentCache full:https://registry.npmjs.org/raf cache-miss
76 silly fetch manifest core-js@^3.8.3
77 silly packumentCache full:https://registry.npmjs.org/core-js cache-hit
78 silly fetch manifest rgbcolor@^1.0.1
79 silly packumentCache full:https://registry.npmjs.org/rgbcolor cache-miss
80 silly fetch manifest @types/raf@^3.4.0
81 silly packumentCache full:https://registry.npmjs.org/@types%2fraf cache-miss
82 silly fetch manifest svg-pathdata@^6.0.3
83 silly packumentCache full:https://registry.npmjs.org/svg-pathdata cache-miss
84 silly fetch manifest stackblur-canvas@^2.0.0
85 silly packumentCache full:https://registry.npmjs.org/stackblur-canvas cache-miss
86 silly fetch manifest regenerator-runtime@^0.13.7
87 silly packumentCache full:https://registry.npmjs.org/regenerator-runtime cache-miss
88 silly fetch manifest @types/trusted-types@^2.0.7
89 silly packumentCache full:https://registry.npmjs.org/@types%2ftrusted-types cache-miss
90 http cache https://registry.npmjs.org/raf 14ms (cache hit)
91 silly packumentCache full:https://registry.npmjs.org/raf set size:44936 disposed:false
92 silly fetch manifest pako@^2.1.0
93 silly packumentCache full:https://registry.npmjs.org/pako cache-miss
94 http cache https://registry.npmjs.org/rgbcolor 15ms (cache hit)
95 silly packumentCache full:https://registry.npmjs.org/rgbcolor set size:11176 disposed:false
96 silly fetch manifest iobuffer@^5.3.2
97 silly packumentCache full:https://registry.npmjs.org/iobuffer cache-miss
98 http cache https://registry.npmjs.org/stackblur-canvas 15ms (cache hit)
99 silly packumentCache full:https://registry.npmjs.org/stackblur-canvas set size:45427 disposed:false
100 silly fetch manifest @types/pako@^2.0.3
101 silly packumentCache full:https://registry.npmjs.org/@types%2fpako cache-miss
102 http cache https://registry.npmjs.org/@types%2fraf 16ms (cache hit)
103 silly packumentCache full:https://registry.npmjs.org/@types%2fraf set size:7815 disposed:false
104 http cache https://registry.npmjs.org/regenerator-runtime 17ms (cache hit)
105 silly packumentCache full:https://registry.npmjs.org/regenerator-runtime set size:59671 disposed:false
106 http cache https://registry.npmjs.org/@types%2ftrusted-types 16ms (cache hit)
107 silly packumentCache full:https://registry.npmjs.org/@types%2ftrusted-types set size:37046 disposed:false
108 http cache https://registry.npmjs.org/svg-pathdata 21ms (cache hit)
109 silly packumentCache full:https://registry.npmjs.org/svg-pathdata set size:129777 disposed:false
110 http cache https://registry.npmjs.org/pako 10ms (cache hit)
111 silly packumentCache full:https://registry.npmjs.org/pako set size:74234 disposed:false
112 http cache https://registry.npmjs.org/@types%2fpako 10ms (cache hit)
113 silly packumentCache full:https://registry.npmjs.org/@types%2fpako set size:43592 disposed:false
114 http cache https://registry.npmjs.org/iobuffer 12ms (cache hit)
115 silly packumentCache full:https://registry.npmjs.org/iobuffer set size:73595 disposed:false
116 silly placeDep ROOT @types/raf@3.4.3 OK for: canvg@3.0.11 want: ^3.4.0
117 silly placeDep ROOT raf@3.4.1 OK for: canvg@3.0.11 want: ^3.4.1
118 silly placeDep ROOT regenerator-runtime@0.13.11 OK for: canvg@3.0.11 want: ^0.13.7
119 silly placeDep ROOT rgbcolor@1.0.1 OK for: canvg@3.0.11 want: ^1.0.1
120 silly placeDep ROOT stackblur-canvas@2.7.0 OK for: canvg@3.0.11 want: ^2.0.0
121 silly placeDep ROOT svg-pathdata@6.0.3 OK for: canvg@3.0.11 want: ^6.0.3
122 silly fetch manifest performance-now@^2.1.0
123 silly packumentCache full:https://registry.npmjs.org/performance-now cache-miss
124 http cache https://registry.npmjs.org/performance-now 8ms (cache hit)
125 silly packumentCache full:https://registry.npmjs.org/performance-now set size:19893 disposed:false
126 silly placeDep ROOT @types/trusted-types@2.0.7 OK for: dompurify@3.3.1 want: ^2.0.7
127 silly placeDep ROOT @types/pako@2.0.4 OK for: fast-png@6.4.0 want: ^2.0.3
128 silly placeDep ROOT iobuffer@5.4.0 OK for: fast-png@6.4.0 want: ^5.3.2
129 silly placeDep ROOT pako@2.1.0 OK for: fast-png@6.4.0 want: ^2.1.0
130 silly placeDep ROOT performance-now@2.1.0 OK for: raf@3.4.1 want: ^2.1.0
131 silly placeDep ROOT base64-arraybuffer@1.0.2 OK for: utrie@1.0.2 want: ^1.0.2
132 silly reify moves {}
133 silly audit bulk request {
133 silly audit   '@alloc/quick-lru': [ '5.2.0' ],
133 silly audit   '@babel/code-frame': [ '7.29.0' ],
133 silly audit   '@babel/compat-data': [ '7.29.0' ],
133 silly audit   '@babel/core': [ '7.29.0' ],
133 silly audit   '@babel/generator': [ '7.29.1' ],
133 silly audit   '@babel/helper-compilation-targets': [ '7.28.6' ],
133 silly audit   '@babel/helper-globals': [ '7.28.0' ],
133 silly audit   '@babel/helper-module-imports': [ '7.28.6' ],
133 silly audit   '@babel/helper-module-transforms': [ '7.28.6' ],
133 silly audit   '@babel/helper-string-parser': [ '7.27.1' ],
133 silly audit   '@babel/helper-validator-identifier': [ '7.28.5' ],
133 silly audit   '@babel/helper-validator-option': [ '7.27.1' ],
133 silly audit   '@babel/helpers': [ '7.28.6' ],
133 silly audit   '@babel/parser': [ '7.29.0' ],
133 silly audit   '@babel/runtime': [ '7.28.6' ],
133 silly audit   '@babel/template': [ '7.28.6' ],
133 silly audit   '@babel/traverse': [ '7.29.0' ],
133 silly audit   '@babel/types': [ '7.29.0' ],
133 silly audit   '@emnapi/core': [ '1.8.1' ],
133 silly audit   '@emnapi/runtime': [ '1.8.1' ],
133 silly audit   '@emnapi/wasi-threads': [ '1.1.0' ],
133 silly audit   '@emotion/babel-plugin': [ '11.13.5' ],
133 silly audit   'convert-source-map': [ '1.9.0', '2.0.0' ],
133 silly audit   '@emotion/cache': [ '11.14.0' ],
133 silly audit   '@emotion/hash': [ '0.9.2' ],
133 silly audit   '@emotion/is-prop-valid': [ '1.4.0' ],
133 silly audit   '@emotion/memoize': [ '0.9.0' ],
133 silly audit   '@emotion/react': [ '11.14.0' ],
133 silly audit   '@emotion/serialize': [ '1.3.3' ],
133 silly audit   '@emotion/sheet': [ '1.4.0' ],
133 silly audit   '@emotion/styled': [ '11.14.1' ],
133 silly audit   '@emotion/unitless': [ '0.10.0' ],
133 silly audit   '@emotion/use-insertion-effect-with-fallbacks': [ '1.2.0' ],
133 silly audit   '@emotion/utils': [ '1.4.2' ],
133 silly audit   '@emotion/weak-memoize': [ '0.4.0' ],
133 silly audit   '@eslint-community/eslint-utils': [ '4.9.1' ],
133 silly audit   'eslint-visitor-keys': [ '3.4.3', '5.0.1', '4.2.1' ],
133 silly audit   '@eslint-community/regexpp': [ '4.12.2' ],
133 silly audit   '@eslint/config-array': [ '0.21.1' ],
133 silly audit   '@eslint/config-helpers': [ '0.4.2' ],
133 silly audit   '@eslint/core': [ '0.17.0' ],
133 silly audit   '@eslint/eslintrc': [ '3.3.3' ],
133 silly audit   '@eslint/js': [ '9.39.3' ],
133 silly audit   '@eslint/object-schema': [ '2.1.7' ],
133 silly audit   '@eslint/plugin-kit': [ '0.4.1' ],
133 silly audit   '@floating-ui/core': [ '1.7.4' ],
133 silly audit   '@floating-ui/dom': [ '1.7.5' ],
133 silly audit   '@floating-ui/react-dom': [ '2.1.7' ],
133 silly audit   '@floating-ui/utils': [ '0.2.10' ],
133 silly audit   '@humanfs/core': [ '0.19.1' ],
133 silly audit   '@humanfs/node': [ '0.16.7' ],
133 silly audit   '@humanwhocodes/module-importer': [ '1.0.1' ],
133 silly audit   '@humanwhocodes/retry': [ '0.4.3' ],
133 silly audit   '@img/colour': [ '1.0.0' ],
133 silly audit   '@img/sharp-darwin-arm64': [ '0.34.5' ],
133 silly audit   '@img/sharp-darwin-x64': [ '0.34.5' ],
133 silly audit   '@img/sharp-libvips-darwin-arm64': [ '1.2.4' ],
133 silly audit   '@img/sharp-libvips-darwin-x64': [ '1.2.4' ],
133 silly audit   '@img/sharp-libvips-linux-arm': [ '1.2.4' ],
133 silly audit   '@img/sharp-libvips-linux-arm64': [ '1.2.4' ],
133 silly audit   '@img/sharp-libvips-linux-ppc64': [ '1.2.4' ],
133 silly audit   '@img/sharp-libvips-linux-riscv64': [ '1.2.4' ],
133 silly audit   '@img/sharp-libvips-linux-s390x': [ '1.2.4' ],
133 silly audit   '@img/sharp-libvips-linux-x64': [ '1.2.4' ],
133 silly audit   '@img/sharp-libvips-linuxmusl-arm64': [ '1.2.4' ],
133 silly audit   '@img/sharp-libvips-linuxmusl-x64': [ '1.2.4' ],
133 silly audit   '@img/sharp-linux-arm': [ '0.34.5' ],
133 silly audit   '@img/sharp-linux-arm64': [ '0.34.5' ],
133 silly audit   '@img/sharp-linux-ppc64': [ '0.34.5' ],
133 silly audit   '@img/sharp-linux-riscv64': [ '0.34.5' ],
133 silly audit   '@img/sharp-linux-s390x': [ '0.34.5' ],
133 silly audit   '@img/sharp-linux-x64': [ '0.34.5' ],
133 silly audit   '@img/sharp-linuxmusl-arm64': [ '0.34.5' ],
133 silly audit   '@img/sharp-linuxmusl-x64': [ '0.34.5' ],
133 silly audit   '@img/sharp-wasm32': [ '0.34.5' ],
133 silly audit   '@img/sharp-win32-arm64': [ '0.34.5' ],
133 silly audit   '@img/sharp-win32-ia32': [ '0.34.5' ],
133 silly audit   '@img/sharp-win32-x64': [ '0.34.5' ],
133 silly audit   '@isaacs/fs-minipass': [ '4.0.1' ],
133 silly audit   '@jridgewell/gen-mapping': [ '0.3.13' ],
133 silly audit   '@jridgewell/remapping': [ '2.3.5' ],
133 silly audit   '@jridgewell/resolve-uri': [ '3.1.2' ],
133 silly audit   '@jridgewell/sourcemap-codec': [ '1.5.5' ],
133 silly audit   '@jridgewell/trace-mapping': [ '0.3.31' ],
133 silly audit   '@mui/core-downloads-tracker': [ '7.3.8' ],
133 silly audit   '@mui/icons-material': [ '7.3.8' ],
133 silly audit   '@mui/material': [ '7.3.8' ],
133 silly audit   'react-is': [ '19.2.4', '16.13.1', '18.3.1' ],
133 silly audit   '@mui/private-theming': [ '7.3.8' ],
133 silly audit   '@mui/styled-engine': [ '7.3.8' ],
133 silly audit   '@mui/system': [ '7.3.8' ],
133 silly audit   '@mui/types': [ '7.4.11' ],
133 silly audit   '@mui/utils': [ '7.3.8' ],
133 silly audit   '@napi-rs/wasm-runtime': [ '0.2.12' ],
133 silly audit   '@next/env': [ '16.1.6' ],
133 silly audit   '@next/eslint-plugin-next': [ '16.1.6' ],
133 silly audit   '@next/swc-darwin-arm64': [ '16.1.6' ],
133 silly audit   '@next/swc-darwin-x64': [ '16.1.6' ],
133 silly audit   '@next/swc-linux-arm64-gnu': [ '16.1.6' ],
133 silly audit   '@next/swc-linux-arm64-musl': [ '16.1.6' ],
133 silly audit   '@next/swc-linux-x64-gnu': [ '16.1.6' ],
133 silly audit   '@next/swc-linux-x64-musl': [ '16.1.6' ],
133 silly audit   '@next/swc-win32-arm64-msvc': [ '16.1.6' ],
133 silly audit   '@next/swc-win32-x64-msvc': [ '16.1.6' ],
133 silly audit   '@nodelib/fs.scandir': [ '2.1.5' ],
133 silly audit   '@nodelib/fs.stat': [ '2.0.5' ],
133 silly audit   '@nodelib/fs.walk': [ '1.2.8' ],
133 silly audit   '@nolyfill/is-core-module': [ '1.0.39' ],
133 silly audit   '@popperjs/core': [ '2.11.8' ],
133 silly audit   '@prisma/client': [ '6.19.2' ],
133 silly audit   '@prisma/config': [ '6.19.2' ],
133 silly audit   '@prisma/debug': [ '6.19.2' ],
133 silly audit   '@prisma/engines': [ '6.19.2' ],
133 silly audit   '@prisma/engines-version': [ '7.1.1-3.c2990dca591cba766e3b7ef5d9e8a84796e47ab7' ],
133 silly audit   '@prisma/fetch-engine': [ '6.19.2' ],
133 silly audit   '@prisma/get-platform': [ '6.19.2' ],
133 silly audit   '@radix-ui/number': [ '1.1.1' ],
133 silly audit   '@radix-ui/primitive': [ '1.1.3' ],
133 silly audit   '@radix-ui/react-accordion': [ '1.2.12' ],
133 silly audit   '@radix-ui/react-alert-dialog': [ '1.1.15' ],
133 silly audit   '@radix-ui/react-slot': [ '1.2.3', '1.2.4' ],
133 silly audit   '@radix-ui/react-arrow': [ '1.1.7' ],
133 silly audit   '@radix-ui/react-aspect-ratio': [ '1.1.8' ],
133 silly audit   '@radix-ui/react-primitive': [ '2.1.4', '2.1.3' ],
133 silly audit   '@radix-ui/react-avatar': [ '1.1.11' ],
133 silly audit   '@radix-ui/react-context': [ '1.1.3', '1.1.2' ],
133 silly audit   '@radix-ui/react-checkbox': [ '1.3.3' ],
133 silly audit   '@radix-ui/react-collapsible': [ '1.1.12' ],
133 silly audit   '@radix-ui/react-collection': [ '1.1.7' ],
133 silly audit   '@radix-ui/react-compose-refs': [ '1.1.2' ],
133 silly audit   '@radix-ui/react-context-menu': [ '2.2.16' ],
133 silly audit   '@radix-ui/react-dialog': [ '1.1.15' ],
133 silly audit   '@radix-ui/react-direction': [ '1.1.1' ],
133 silly audit   '@radix-ui/react-dismissable-layer': [ '1.1.11' ],
133 silly audit   '@radix-ui/react-dropdown-menu': [ '2.1.16' ],
133 silly audit   '@radix-ui/react-focus-guards': [ '1.1.3' ],
133 silly audit   '@radix-ui/react-focus-scope': [ '1.1.7' ],
133 silly audit   '@radix-ui/react-hover-card': [ '1.1.15' ],
133 silly audit   '@radix-ui/react-id': [ '1.1.1' ],
133 silly audit   '@radix-ui/react-label': [ '2.1.8' ],
133 silly audit   '@radix-ui/react-menu': [ '2.1.16' ],
133 silly audit   '@radix-ui/react-menubar': [ '1.1.16' ],
133 silly audit   '@radix-ui/react-navigation-menu': [ '1.2.14' ],
133 silly audit   '@radix-ui/react-popover': [ '1.1.15' ],
133 silly audit   '@radix-ui/react-popper': [ '1.2.8' ],
133 silly audit   '@radix-ui/react-portal': [ '1.1.9' ],
133 silly audit   '@radix-ui/react-presence': [ '1.1.5' ],
133 silly audit   '@radix-ui/react-progress': [ '1.1.8' ],
133 silly audit   '@radix-ui/react-radio-group': [ '1.3.8' ],
133 silly audit   '@radix-ui/react-roving-focus': [ '1.1.11' ],
133 silly audit   '@radix-ui/react-scroll-area': [ '1.2.10' ],
133 silly audit   '@radix-ui/react-select': [ '2.2.6' ],
133 silly audit   '@radix-ui/react-separator': [ '1.1.8' ],
133 silly audit   '@radix-ui/react-slider': [ '1.3.6' ],
133 silly audit   '@radix-ui/react-switch': [ '1.2.6' ],
133 silly audit   '@radix-ui/react-tabs': [ '1.1.13' ],
133 silly audit   '@radix-ui/react-toggle': [ '1.1.10' ],
133 silly audit   '@radix-ui/react-toggle-group': [ '1.1.11' ],
133 silly audit   '@radix-ui/react-tooltip': [ '1.2.8' ],
133 silly audit   '@radix-ui/react-use-callback-ref': [ '1.1.1' ],
133 silly audit   '@radix-ui/react-use-controllable-state': [ '1.2.2' ],
133 silly audit   '@radix-ui/react-use-effect-event': [ '0.0.2' ],
133 silly audit   '@radix-ui/react-use-escape-keydown': [ '1.1.1' ],
133 silly audit   '@radix-ui/react-use-is-hydrated': [ '0.1.0' ],
133 silly audit   '@radix-ui/react-use-layout-effect': [ '1.1.1' ],
133 silly audit   '@radix-ui/react-use-previous': [ '1.1.1' ],
133 silly audit   '@radix-ui/react-use-rect': [ '1.1.1' ],
133 silly audit   '@radix-ui/react-use-size': [ '1.1.1' ],
133 silly audit   '@radix-ui/react-visually-hidden': [ '1.2.3' ],
133 silly audit   '@radix-ui/rect': [ '1.1.1' ],
133 silly audit   '@rtsao/scc': [ '1.1.0' ],
133 silly audit   '@standard-schema/spec': [ '1.1.0' ],
133 silly audit   '@supabase/auth-js': [ '2.97.0' ],
133 silly audit   '@supabase/functions-js': [ '2.97.0' ],
133 silly audit   '@supabase/postgrest-js': [ '2.97.0' ],
133 silly audit   '@supabase/realtime-js': [ '2.97.0' ],
133 silly audit   '@supabase/storage-js': [ '2.97.0' ],
133 silly audit   '@supabase/supabase-js': [ '2.97.0' ],
133 silly audit   '@swc/helpers': [ '0.5.15' ],
133 silly audit   '@tailwindcss/node': [ '4.2.0' ],
133 silly audit   '@tailwindcss/oxide': [ '4.2.0' ],
133 silly audit   '@tailwindcss/oxide-android-arm64': [ '4.2.0' ],
133 silly audit   '@tailwindcss/oxide-darwin-arm64': [ '4.2.0' ],
133 silly audit   '@tailwindcss/oxide-darwin-x64': [ '4.2.0' ],
133 silly audit   '@tailwindcss/oxide-freebsd-x64': [ '4.2.0' ],
133 silly audit   '@tailwindcss/oxide-linux-arm-gnueabihf': [ '4.2.0' ],
133 silly audit   '@tailwindcss/oxide-linux-arm64-gnu': [ '4.2.0' ],
133 silly audit   '@tailwindcss/oxide-linux-arm64-musl': [ '4.2.0' ],
133 silly audit   '@tailwindcss/oxide-linux-x64-gnu': [ '4.2.0' ],
133 silly audit   '@tailwindcss/oxide-linux-x64-musl': [ '4.2.0' ],
133 silly audit   '@tailwindcss/oxide-wasm32-wasi': [ '4.2.0' ],
133 silly audit   '@tailwindcss/oxide-win32-arm64-msvc': [ '4.2.0' ],
133 silly audit   '@tailwindcss/oxide-win32-x64-msvc': [ '4.2.0' ],
133 silly audit   '@tailwindcss/postcss': [ '4.2.0' ],
133 silly audit   '@tybys/wasm-util': [ '0.10.1' ],
133 silly audit   '@types/d3-array': [ '3.2.2' ],
133 silly audit   '@types/d3-color': [ '3.1.3' ],
133 silly audit   '@types/d3-ease': [ '3.0.2' ],
133 silly audit   '@types/d3-interpolate': [ '3.0.4' ],
133 silly audit   '@types/d3-path': [ '3.1.1' ],
133 silly audit   '@types/d3-scale': [ '4.0.9' ],
133 silly audit   '@types/d3-shape': [ '3.1.8' ],
133 silly audit   '@types/d3-time': [ '3.0.4' ],
133 silly audit   '@types/d3-timer': [ '3.0.2' ],
133 silly audit   '@types/estree': [ '1.0.8' ],
133 silly audit   '@types/json-schema': [ '7.0.15' ],
133 silly audit   '@types/json5': [ '0.0.29' ],
133 silly audit   '@types/node': [ '20.19.33' ],
133 silly audit   '@types/parse-json': [ '4.0.2' ],
133 silly audit   '@types/phoenix': [ '1.6.7' ],
133 silly audit   '@types/prop-types': [ '15.7.15' ],
133 silly audit   '@types/react': [ '19.2.14' ],
133 silly audit   '@types/react-dom': [ '19.2.3' ],
133 silly audit   '@types/react-slick': [ '0.23.13' ],
133 silly audit   '@types/react-transition-group': [ '4.4.12' ],
133 silly audit   '@types/ws': [ '8.18.1' ],
133 silly audit   '@typescript-eslint/eslint-plugin': [ '8.56.0' ],
133 silly audit   ignore: [ '7.0.5', '5.3.2' ],
133 silly audit   '@typescript-eslint/parser': [ '8.56.0' ],
133 silly audit   '@typescript-eslint/project-service': [ '8.56.0' ],
133 silly audit   '@typescript-eslint/scope-manager': [ '8.56.0' ],
133 silly audit   '@typescript-eslint/tsconfig-utils': [ '8.56.0' ],
133 silly audit   '@typescript-eslint/type-utils': [ '8.56.0' ],
133 silly audit   '@typescript-eslint/types': [ '8.56.0' ],
133 silly audit   '@typescript-eslint/typescript-estree': [ '8.56.0' ],
133 silly audit   'balanced-match': [ '4.0.4', '1.0.2' ],
133 silly audit   'brace-expansion': [ '5.0.3', '1.1.12' ],
133 silly audit   minimatch: [ '9.0.6', '3.1.3' ],
133 silly audit   semver: [ '7.7.4', '6.3.1' ],
133 silly audit   '@typescript-eslint/utils': [ '8.56.0' ],
133 silly audit   '@typescript-eslint/visitor-keys': [ '8.56.0' ],
133 silly audit   '@unrs/resolver-binding-android-arm-eabi': [ '1.11.1' ],
133 silly audit   '@unrs/resolver-binding-android-arm64': [ '1.11.1' ],
133 silly audit   '@unrs/resolver-binding-darwin-arm64': [ '1.11.1' ],
133 silly audit   '@unrs/resolver-binding-darwin-x64': [ '1.11.1' ],
133 silly audit   '@unrs/resolver-binding-freebsd-x64': [ '1.11.1' ],
133 silly audit   '@unrs/resolver-binding-linux-arm-gnueabihf': [ '1.11.1' ],
133 silly audit   '@unrs/resolver-binding-linux-arm-musleabihf': [ '1.11.1' ],
133 silly audit   '@unrs/resolver-binding-linux-arm64-gnu': [ '1.11.1' ],
133 silly audit   '@unrs/resolver-binding-linux-arm64-musl': [ '1.11.1' ],
133 silly audit   '@unrs/resolver-binding-linux-ppc64-gnu': [ '1.11.1' ],
133 silly audit   '@unrs/resolver-binding-linux-riscv64-gnu': [ '1.11.1' ],
133 silly audit   '@unrs/resolver-binding-linux-riscv64-musl': [ '1.11.1' ],
133 silly audit   '@unrs/resolver-binding-linux-s390x-gnu': [ '1.11.1' ],
133 silly audit   '@unrs/resolver-binding-linux-x64-gnu': [ '1.11.1' ],
133 silly audit   '@unrs/resolver-binding-linux-x64-musl': [ '1.11.1' ],
133 silly audit   '@unrs/resolver-binding-wasm32-wasi': [ '1.11.1' ],
133 silly audit   '@unrs/resolver-binding-win32-arm64-msvc': [ '1.11.1' ],
133 silly audit   '@unrs/resolver-binding-win32-ia32-msvc': [ '1.11.1' ],
133 silly audit   '@unrs/resolver-binding-win32-x64-msvc': [ '1.11.1' ],
133 silly audit   acorn: [ '8.16.0' ],
133 silly audit   'acorn-jsx': [ '5.3.2' ],
133 silly audit   'agent-base': [ '7.1.4' ],
133 silly audit   ajv: [ '6.14.0' ],
133 silly audit   'ansi-styles': [ '4.3.0' ],
133 silly audit   argparse: [ '2.0.1' ],
133 silly audit   'aria-hidden': [ '1.2.6' ],
133 silly audit   'aria-query': [ '5.3.2' ],
133 silly audit   'array-buffer-byte-length': [ '1.0.2' ],
133 silly audit   'array-includes': [ '3.1.9' ],
133 silly audit   'array.prototype.findlast': [ '1.2.5' ],
133 silly audit   'array.prototype.findlastindex': [ '1.2.6' ],
133 silly audit   'array.prototype.flat': [ '1.3.3' ],
133 silly audit   'array.prototype.flatmap': [ '1.3.3' ],
133 silly audit   'array.prototype.tosorted': [ '1.1.4' ],
133 silly audit   'arraybuffer.prototype.slice': [ '1.0.4' ],
133 silly audit   'ast-types-flow': [ '0.0.8' ],
133 silly audit   'async-function': [ '1.0.0' ],
133 silly audit   'available-typed-arrays': [ '1.0.7' ],
133 silly audit   'axe-core': [ '4.11.1' ],
133 silly audit   'axobject-query': [ '4.1.0' ],
133 silly audit   'babel-plugin-macros': [ '3.1.0' ],
133 silly audit   'baseline-browser-mapping': [ '2.10.0' ],
133 silly audit   'bin-links': [ '6.0.0' ],
133 silly audit   braces: [ '3.0.3' ],
133 silly audit   browserslist: [ '4.28.1' ],
133 silly audit   c12: [ '3.1.0' ],
133 silly audit   dotenv: [ '16.6.1', '17.3.1' ],
133 silly audit   'call-bind': [ '1.0.8' ],
133 silly audit   'call-bind-apply-helpers': [ '1.0.2' ],
133 silly audit   'call-bound': [ '1.0.4' ],
133 silly audit   callsites: [ '3.1.0' ],
133 silly audit   'caniuse-lite': [ '1.0.30001772' ],
133 silly audit   chalk: [ '4.1.2' ],
133 silly audit   chokidar: [ '4.0.3' ],
133 silly audit   chownr: [ '3.0.0' ],
133 silly audit   citty: [ '0.1.6', '0.2.1' ],
133 silly audit   'class-variance-authority': [ '0.7.1' ],
133 silly audit   classnames: [ '2.5.1' ],
133 silly audit   'client-only': [ '0.0.1' ],
133 silly audit   clsx: [ '2.1.1' ],
133 silly audit   'cmd-shim': [ '8.0.0' ],
133 silly audit   cmdk: [ '1.1.1' ],
133 silly audit   'color-convert': [ '2.0.1' ],
133 silly audit   'color-name': [ '1.1.4' ],
133 silly audit   'concat-map': [ '0.0.1' ],
133 silly audit   confbox: [ '0.2.4' ],
133 silly audit   consola: [ '3.4.2' ],
133 silly audit   cosmiconfig: [ '7.1.0' ],
133 silly audit   'cross-spawn': [ '7.0.6' ],
133 silly audit   csstype: [ '3.2.3' ],
133 silly audit   'd3-array': [ '3.2.4' ],
133 silly audit   'd3-color': [ '3.1.0' ],
133 silly audit   'd3-ease': [ '3.0.1' ],
133 silly audit   'd3-format': [ '3.1.2' ],
133 silly audit   'd3-interpolate': [ '3.0.1' ],
133 silly audit   'd3-path': [ '3.1.0' ],
133 silly audit   'd3-scale': [ '4.0.2' ],
133 silly audit   'd3-shape': [ '3.2.0' ],
133 silly audit   'd3-time': [ '3.1.0' ],
133 silly audit   'd3-time-format': [ '4.1.0' ],
133 silly audit   'd3-timer': [ '3.0.1' ],
133 silly audit   'damerau-levenshtein': [ '1.0.8' ],
133 silly audit   'data-uri-to-buffer': [ '4.0.1' ],
133 silly audit   'data-view-buffer': [ '1.0.2' ],
133 silly audit   'data-view-byte-length': [ '1.0.2' ],
133 silly audit   'data-view-byte-offset': [ '1.0.1' ],
133 silly audit   'date-fns': [ '3.6.0' ],
133 silly audit   debug: [ '4.4.3', '3.2.7' ],
133 silly audit   'decimal.js-light': [ '2.5.1' ],
133 silly audit   'deep-is': [ '0.1.4' ],
133 silly audit   'deepmerge-ts': [ '7.1.5' ],
133 silly audit   'define-data-property': [ '1.1.4' ],
133 silly audit   'define-properties': [ '1.2.1' ],
133 silly audit   defu: [ '6.1.4' ],
133 silly audit   destr: [ '2.0.5' ],
133 silly audit   'detect-libc': [ '2.1.2' ],
133 silly audit   'detect-node-es': [ '1.1.0' ],
133 silly audit   doctrine: [ '2.1.0' ],
133 silly audit   'dom-helpers': [ '5.2.1' ],
133 silly audit   'dunder-proto': [ '1.0.1' ],
133 silly audit   effect: [ '3.18.4' ],
133 silly audit   'electron-to-chromium': [ '1.5.302' ],
133 silly audit   'embla-carousel': [ '8.6.0' ],
133 silly audit   'embla-carousel-react': [ '8.6.0' ],
133 silly audit   'embla-carousel-reactive-utils': [ '8.6.0' ],
133 silly audit   'emoji-regex': [ '9.2.2' ],
133 silly audit   empathic: [ '2.0.0' ],
133 silly audit   'enhanced-resolve': [ '5.19.0' ],
133 silly audit   'error-ex': [ '1.3.4' ],
133 silly audit   'es-abstract': [ '1.24.1' ],
133 silly audit   'es-define-property': [ '1.0.1' ],
133 silly audit   'es-errors': [ '1.3.0' ],
133 silly audit   'es-iterator-helpers': [ '1.2.2' ],
133 silly audit   'es-object-atoms': [ '1.1.1' ],
133 silly audit   'es-set-tostringtag': [ '2.1.0' ],
133 silly audit   'es-shim-unscopables': [ '1.1.0' ],
133 silly audit   'es-to-primitive': [ '1.3.0' ],
133 silly audit   escalade: [ '3.2.0' ],
133 silly audit   'escape-string-regexp': [ '4.0.0' ],
133 silly audit   eslint: [ '9.39.3' ],
133 silly audit   'eslint-config-next': [ '16.1.6' ],
133 silly audit   globals: [ '16.4.0', '14.0.0' ],
133 silly audit   'eslint-import-resolver-node': [ '0.3.9' ],
133 silly audit   'eslint-import-resolver-typescript': [ '3.10.1' ],
133 silly audit   'eslint-module-utils': [ '2.12.1' ],
133 silly audit   'eslint-plugin-import': [ '2.32.0' ],
133 silly audit   'eslint-plugin-jsx-a11y': [ '6.10.2' ],
133 silly audit   'eslint-plugin-react': [ '7.37.5' ],
133 silly audit   'eslint-plugin-react-hooks': [ '7.0.1' ],
133 silly audit   resolve: [ '2.0.0-next.6', '1.22.11' ],
133 silly audit   'eslint-scope': [ '8.4.0' ],
133 silly audit   espree: [ '10.4.0' ],
133 silly audit   esquery: [ '1.7.0' ],
133 silly audit   esrecurse: [ '4.3.0' ],
133 silly audit   estraverse: [ '5.3.0' ],
133 silly audit   esutils: [ '2.0.3' ],
133 silly audit   eventemitter3: [ '4.0.7' ],
133 silly audit   exsolve: [ '1.0.8' ],
133 silly audit   'fast-check': [ '3.23.2' ],
133 silly audit   'fast-deep-equal': [ '3.1.3' ],
133 silly audit   'fast-equals': [ '5.4.0' ],
133 silly audit   'fast-glob': [ '3.3.1' ],
133 silly audit   'glob-parent': [ '5.1.2', '6.0.2' ],
133 silly audit   'fast-json-stable-stringify': [ '2.1.0' ],
133 silly audit   'fast-levenshtein': [ '2.0.6' ],
133 silly audit   fastq: [ '1.20.1' ],
133 silly audit   'fetch-blob': [ '3.2.0' ],
133 silly audit   'file-entry-cache': [ '8.0.0' ],
133 silly audit   'fill-range': [ '7.1.1' ],
133 silly audit   'find-root': [ '1.1.0' ],
133 silly audit   'find-up': [ '5.0.0' ],
133 silly audit   'flat-cache': [ '4.0.1' ],
133 silly audit   flatted: [ '3.3.3' ],
133 silly audit   'for-each': [ '0.3.5' ],
133 silly audit   'formdata-polyfill': [ '4.0.10' ],
133 silly audit   'framer-motion': [ '12.34.3' ],
133 silly audit   'function-bind': [ '1.1.2' ],
133 silly audit   'function.prototype.name': [ '1.1.8' ],
133 silly audit   'functions-have-names': [ '1.2.3' ],
133 silly audit   'generator-function': [ '2.0.1' ],
133 silly audit   gensync: [ '1.0.0-beta.2' ],
133 silly audit   'get-intrinsic': [ '1.3.0' ],
133 silly audit   'get-nonce': [ '1.0.1' ],
133 silly audit   'get-proto': [ '1.0.1' ],
133 silly audit   'get-symbol-description': [ '1.1.0' ],
133 silly audit   'get-tsconfig': [ '4.13.6' ],
133 silly audit   giget: [ '2.0.0' ],
133 silly audit   globalthis: [ '1.0.4' ],
133 silly audit   gopd: [ '1.2.0' ],
133 silly audit   'graceful-fs': [ '4.2.11' ],
133 silly audit   'has-bigints': [ '1.1.0' ],
133 silly audit   'has-flag': [ '4.0.0' ],
133 silly audit   'has-property-descriptors': [ '1.0.2' ],
133 silly audit   'has-proto': [ '1.2.0' ],
133 silly audit   'has-symbols': [ '1.1.0' ],
133 silly audit   'has-tostringtag': [ '1.0.2' ],
133 silly audit   hasown: [ '2.0.2' ],
133 silly audit   'hermes-estree': [ '0.25.1' ],
133 silly audit   'hermes-parser': [ '0.25.1' ],
133 silly audit   'hoist-non-react-statics': [ '3.3.2' ],
133 silly audit   'https-proxy-agent': [ '7.0.6' ],
133 silly audit   'iceberg-js': [ '0.8.1' ],
133 silly audit   'import-fresh': [ '3.3.1' ],
133 silly audit   imurmurhash: [ '0.1.4' ],
133 silly audit   'input-otp': [ '1.4.2' ],
133 silly audit   'internal-slot': [ '1.1.0' ],
133 silly audit   internmap: [ '2.0.3' ],
133 silly audit   'is-array-buffer': [ '3.0.5' ],
133 silly audit   'is-arrayish': [ '0.2.1' ],
133 silly audit   'is-async-function': [ '2.1.1' ],
133 silly audit   'is-bigint': [ '1.1.0' ],
133 silly audit   'is-boolean-object': [ '1.2.2' ],
133 silly audit   'is-bun-module': [ '2.0.0' ],
133 silly audit   'is-callable': [ '1.2.7' ],
133 silly audit   'is-core-module': [ '2.16.1' ],
133 silly audit   'is-data-view': [ '1.0.2' ],
133 silly audit   'is-date-object': [ '1.1.0' ],
133 silly audit   'is-extglob': [ '2.1.1' ],
133 silly audit   'is-finalizationregistry': [ '1.1.1' ],
133 silly audit   'is-generator-function': [ '1.1.2' ],
133 silly audit   'is-glob': [ '4.0.3' ],
133 silly audit   'is-map': [ '2.0.3' ],
133 silly audit   'is-negative-zero': [ '2.0.3' ],
133 silly audit   'is-number': [ '7.0.0' ],
133 silly audit   'is-number-object': [ '1.1.1' ],
133 silly audit   'is-regex': [ '1.2.1' ],
133 silly audit   'is-set': [ '2.0.3' ],
133 silly audit   'is-shared-array-buffer': [ '1.0.4' ],
133 silly audit   'is-string': [ '1.1.1' ],
133 silly audit   'is-symbol': [ '1.1.1' ],
133 silly audit   'is-typed-array': [ '1.1.15' ],
133 silly audit   'is-weakmap': [ '2.0.2' ],
133 silly audit   'is-weakref': [ '1.1.1' ],
133 silly audit   'is-weakset': [ '2.0.4' ],
133 silly audit   isarray: [ '2.0.5' ],
133 silly audit   isexe: [ '2.0.0' ],
133 silly audit   'iterator.prototype': [ '1.1.5' ],
133 silly audit   jiti: [ '2.6.1' ],
133 silly audit   jose: [ '6.1.3' ],
133 silly audit   'js-tokens': [ '4.0.0' ],
133 silly audit   'js-yaml': [ '4.1.1' ],
133 silly audit   jsesc: [ '3.1.0' ],
133 silly audit   'json-buffer': [ '3.0.1' ],
133 silly audit   'json-parse-even-better-errors': [ '2.3.1' ],
133 silly audit   'json-schema-traverse': [ '0.4.1' ],
133 silly audit   'json-stable-stringify-without-jsonify': [ '1.0.1' ],
133 silly audit   json2mq: [ '0.2.0' ],
133 silly audit   json5: [ '2.2.3', '1.0.2' ],
133 silly audit   'jsx-ast-utils': [ '3.3.5' ],
133 silly audit   keyv: [ '4.5.4' ],
133 silly audit   'language-subtag-registry': [ '0.3.23' ],
133 silly audit   'language-tags': [ '1.0.9' ],
133 silly audit   levn: [ '0.4.1' ],
133 silly audit   lightningcss: [ '1.31.1' ],
133 silly audit   'lightningcss-android-arm64': [ '1.31.1' ],
133 silly audit   'lightningcss-darwin-arm64': [ '1.31.1' ],
133 silly audit   'lightningcss-darwin-x64': [ '1.31.1' ],
133 silly audit   'lightningcss-freebsd-x64': [ '1.31.1' ],
133 silly audit   'lightningcss-linux-arm-gnueabihf': [ '1.31.1' ],
133 silly audit   'lightningcss-linux-arm64-gnu': [ '1.31.1' ],
133 silly audit   'lightningcss-linux-arm64-musl': [ '1.31.1' ],
133 silly audit   'lightningcss-linux-x64-gnu': [ '1.31.1' ],
133 silly audit   'lightningcss-linux-x64-musl': [ '1.31.1' ],
133 silly audit   'lightningcss-win32-arm64-msvc': [ '1.31.1' ],
133 silly audit   'lightningcss-win32-x64-msvc': [ '1.31.1' ],
133 silly audit   'lines-and-columns': [ '1.2.4' ],
133 silly audit   'locate-path': [ '6.0.0' ],
133 silly audit   lodash: [ '4.17.23' ],
133 silly audit   'lodash.debounce': [ '4.0.8' ],
133 silly audit   'lodash.merge': [ '4.6.2' ],
133 silly audit   'loose-envify': [ '1.4.0' ],
133 silly audit   'lru-cache': [ '5.1.1' ],
133 silly audit   'lucide-react': [ '0.575.0' ],
133 silly audit   'magic-string': [ '0.30.21' ],
133 silly audit   'math-intrinsics': [ '1.1.0' ],
133 silly audit   merge2: [ '1.4.1' ],
133 silly audit   micromatch: [ '4.0.8' ],
133 silly audit   minimist: [ '1.2.8' ],
133 silly audit   minipass: [ '7.1.3' ],
133 silly audit   minizlib: [ '3.1.0' ],
133 silly audit   motion: [ '12.34.3' ],
133 silly audit   'motion-dom': [ '12.34.3' ],
133 silly audit   'motion-utils': [ '12.29.2' ],
133 silly audit   ms: [ '2.1.3' ],
133 silly audit   nanoid: [ '3.3.11' ],
133 silly audit   'napi-postinstall': [ '0.3.4' ],
133 silly audit   'natural-compare': [ '1.4.0' ],
133 silly audit   next: [ '16.1.6' ],
133 silly audit   'next-themes': [ '0.4.6' ],
133 silly audit   postcss: [ '8.4.31', '8.5.6' ],
133 silly audit   'node-domexception': [ '1.0.0' ],
133 silly audit   'node-exports-info': [ '1.6.0' ],
133 silly audit   'node-fetch': [ '3.3.2' ],
133 silly audit   'node-fetch-native': [ '1.6.7' ],
133 silly audit   'node-releases': [ '2.0.27' ],
133 silly audit   'npm-normalize-package-bin': [ '5.0.0' ],
133 silly audit   nypm: [ '0.6.5' ],
133 silly audit   'object-assign': [ '4.1.1' ],
133 silly audit   'object-inspect': [ '1.13.4' ],
133 silly audit   'object-keys': [ '1.1.1' ],
133 silly audit   'object.assign': [ '4.1.7' ],
133 silly audit   'object.entries': [ '1.1.9' ],
133 silly audit   'object.fromentries': [ '2.0.8' ],
133 silly audit   'object.groupby': [ '1.0.3' ],
133 silly audit   'object.values': [ '1.2.1' ],
133 silly audit   ohash: [ '2.0.11' ],
133 silly audit   optionator: [ '0.9.4' ],
133 silly audit   'own-keys': [ '1.0.1' ],
133 silly audit   'p-limit': [ '3.1.0' ],
133 silly audit   'p-locate': [ '5.0.0' ],
133 silly audit   'parent-module': [ '1.0.1' ],
133 silly audit   'parse-json': [ '5.2.0' ],
133 silly audit   'path-exists': [ '4.0.0' ],
133 silly audit   'path-key': [ '3.1.1' ],
133 silly audit   'path-parse': [ '1.0.7' ],
133 silly audit   'path-type': [ '4.0.0' ],
133 silly audit   pathe: [ '2.0.3' ],
133 silly audit   'perfect-debounce': [ '1.0.0' ],
133 silly audit   picocolors: [ '1.1.1' ],
133 silly audit   picomatch: [ '2.3.1', '4.0.3' ],
133 silly audit   'pkg-types': [ '2.3.0' ],
133 silly audit   'possible-typed-array-names': [ '1.1.0' ],
133 silly audit   'prelude-ls': [ '1.2.1' ],
133 silly audit   prisma: [ '6.19.2' ],
133 silly audit   'proc-log': [ '6.1.0' ],
133 silly audit   'prop-types': [ '15.8.1' ],
133 silly audit   punycode: [ '2.3.1' ],
133 silly audit   'pure-rand': [ '6.1.0' ],
133 silly audit   'queue-microtask': [ '1.2.3' ],
133 silly audit   rc9: [ '2.1.2' ],
133 silly audit   react: [ '19.2.3' ],
133 silly audit   'react-day-picker': [ '8.10.1' ],
133 silly audit   'react-dom': [ '19.2.3' ],
133 silly audit   'react-hook-form': [ '7.71.2' ],
133 silly audit   'react-remove-scroll': [ '2.7.2' ],
133 silly audit   'react-remove-scroll-bar': [ '2.3.8' ],
133 silly audit   'react-resizable-panels': [ '2.1.7' ],
133 silly audit   'react-slick': [ '0.31.0' ],
133 silly audit   'react-smooth': [ '4.0.4' ],
133 silly audit   'react-style-singleton': [ '2.2.3' ],
133 silly audit   'react-transition-group': [ '4.4.5' ],
133 silly audit   'read-cmd-shim': [ '6.0.0' ],
133 silly audit   readdirp: [ '4.1.2' ],
133 silly audit   recharts: [ '2.15.2' ],
133 silly audit   'recharts-scale': [ '0.4.5' ],
133 silly audit   'reflect.getprototypeof': [ '1.0.10' ],
133 silly audit   'regexp.prototype.flags': [ '1.5.4' ],
133 silly audit   'resize-observer-polyfill': [ '1.5.1' ],
133 silly audit   'resolve-from': [ '4.0.0' ],
133 silly audit   'resolve-pkg-maps': [ '1.0.0' ],
133 silly audit   reusify: [ '1.1.0' ],
133 silly audit   'run-parallel': [ '1.2.0' ],
133 silly audit   'safe-array-concat': [ '1.1.3' ],
133 silly audit   'safe-push-apply': [ '1.0.0' ],
133 silly audit   'safe-regex-test': [ '1.1.0' ],
133 silly audit   scheduler: [ '0.27.0' ],
133 silly audit   'set-function-length': [ '1.2.2' ],
133 silly audit   'set-function-name': [ '2.0.2' ],
133 silly audit   'set-proto': [ '1.0.0' ],
133 silly audit   sharp: [ '0.34.5' ],
133 silly audit   'shebang-command': [ '2.0.0' ],
133 silly audit   'shebang-regex': [ '3.0.0' ],
133 silly audit   'side-channel': [ '1.1.0' ],
133 silly audit   'side-channel-list': [ '1.0.0' ],
133 silly audit   'side-channel-map': [ '1.0.1' ],
133 silly audit   'side-channel-weakmap': [ '1.0.2' ],
133 silly audit   'signal-exit': [ '4.1.0' ],
133 silly audit   'slick-carousel': [ '1.8.1' ],
133 silly audit   sonner: [ '2.0.7' ],
133 silly audit   'source-map': [ '0.5.7' ],
133 silly audit   'source-map-js': [ '1.2.1' ],
133 silly audit   'stable-hash': [ '0.0.5' ],
133 silly audit   'stop-iteration-iterator': [ '1.1.0' ],
133 silly audit   'string-convert': [ '0.2.1' ],
133 silly audit   'string.prototype.includes': [ '2.0.1' ],
133 silly audit   'string.prototype.matchall': [ '4.0.12' ],
133 silly audit   'string.prototype.repeat': [ '1.0.0' ],
133 silly audit   'string.prototype.trim': [ '1.2.10' ],
133 silly audit   'string.prototype.trimend': [ '1.0.9' ],
133 silly audit   'string.prototype.trimstart': [ '1.0.8' ],
133 silly audit   'strip-bom': [ '3.0.0' ],
133 silly audit   'strip-json-comments': [ '3.1.1' ],
133 silly audit   'styled-jsx': [ '5.1.6' ],
133 silly audit   stylis: [ '4.2.0' ],
133 silly audit   supabase: [ '2.76.12' ],
133 silly audit   'supports-color': [ '7.2.0' ],
133 silly audit   'supports-preserve-symlinks-flag': [ '1.0.0' ],
133 silly audit   'tailwind-merge': [ '3.5.0' ],
133 silly audit   tailwindcss: [ '4.2.0' ],
133 silly audit   tapable: [ '2.3.0' ],
133 silly audit   tar: [ '7.5.9' ],
133 silly audit   yallist: [ '5.0.0', '3.1.1' ],
133 silly audit   'tiny-invariant': [ '1.3.3' ],
133 silly audit   tinyexec: [ '1.0.2' ],
133 silly audit   tinyglobby: [ '0.2.15' ],
133 silly audit   fdir: [ '6.5.0' ],
133 silly audit   'to-regex-range': [ '5.0.1' ],
133 silly audit   'ts-api-utils': [ '2.4.0' ],
133 silly audit   'tsconfig-paths': [ '3.15.0' ],
133 silly audit   tslib: [ '2.8.1' ],
133 silly audit   'tw-animate-css': [ '1.4.0' ],
133 silly audit   'type-check': [ '0.4.0' ],
133 silly audit   'typed-array-buffer': [ '1.0.3' ],
133 silly audit   'typed-array-byte-length': [ '1.0.3' ],
133 silly audit   'typed-array-byte-offset': [ '1.0.4' ],
133 silly audit   'typed-array-length': [ '1.0.7' ],
133 silly audit   typescript: [ '5.9.3' ],
133 silly audit   'typescript-eslint': [ '8.56.0' ],
133 silly audit   'unbox-primitive': [ '1.1.0' ],
133 silly audit   'undici-types': [ '6.21.0' ],
133 silly audit   'unrs-resolver': [ '1.11.1' ],
133 silly audit   'update-browserslist-db': [ '1.2.3' ],
133 silly audit   'uri-js': [ '4.4.1' ],
133 silly audit   'use-callback-ref': [ '1.3.3' ],
133 silly audit   'use-sidecar': [ '1.1.3' ],
133 silly audit   'use-sync-external-store': [ '1.6.0' ],
133 silly audit   vaul: [ '1.1.2' ],
133 silly audit   'victory-vendor': [ '36.9.2' ],
133 silly audit   'web-streams-polyfill': [ '3.3.3' ],
133 silly audit   which: [ '2.0.2' ],
133 silly audit   'which-boxed-primitive': [ '1.1.1' ],
133 silly audit   'which-builtin-type': [ '1.2.1' ],
133 silly audit   'which-collection': [ '1.0.2' ],
133 silly audit   'which-typed-array': [ '1.1.20' ],
133 silly audit   'word-wrap': [ '1.2.5' ],
133 silly audit   'write-file-atomic': [ '7.0.0' ],
133 silly audit   ws: [ '8.19.0' ],
133 silly audit   yaml: [ '1.10.2' ],
133 silly audit   'yocto-queue': [ '0.1.0' ],
133 silly audit   zod: [ '4.3.6' ],
133 silly audit   'zod-validation-error': [ '4.0.2' ],
133 silly audit   html2canvas: [ '1.4.1' ],
133 silly audit   jspdf: [ '4.2.0' ],
133 silly audit   'css-line-break': [ '2.1.0' ],
133 silly audit   'text-segmentation': [ '1.0.3' ],
133 silly audit   utrie: [ '1.0.2' ],
133 silly audit   canvg: [ '3.0.11' ],
133 silly audit   'core-js': [ '3.48.0' ],
133 silly audit   dompurify: [ '3.3.1' ],
133 silly audit   'fast-png': [ '6.4.0' ],
133 silly audit   fflate: [ '0.8.2' ],
133 silly audit   '@types/raf': [ '3.4.3' ],
133 silly audit   raf: [ '3.4.1' ],
133 silly audit   'regenerator-runtime': [ '0.13.11' ],
133 silly audit   rgbcolor: [ '1.0.1' ],
133 silly audit   'stackblur-canvas': [ '2.7.0' ],
133 silly audit   'svg-pathdata': [ '6.0.3' ],
133 silly audit   '@types/trusted-types': [ '2.0.7' ],
133 silly audit   '@types/pako': [ '2.0.4' ],
133 silly audit   iobuffer: [ '5.4.0' ],
133 silly audit   pako: [ '2.1.0' ],
133 silly audit   'performance-now': [ '2.1.0' ],
133 silly audit   'base64-arraybuffer': [ '1.0.2' ]
133 silly audit }
134 http cache performance-now@https://registry.npmjs.org/performance-now/-/performance-now-2.1.0.tgz 0ms (cache hit)
135 http cache base64-arraybuffer@https://registry.npmjs.org/base64-arraybuffer/-/base64-arraybuffer-1.0.2.tgz 0ms (cache hit)
136 http cache @types/pako@https://registry.npmjs.org/@types/pako/-/pako-2.0.4.tgz 0ms (cache hit)
137 http cache iobuffer@https://registry.npmjs.org/iobuffer/-/iobuffer-5.4.0.tgz 0ms (cache hit)
138 http cache svg-pathdata@https://registry.npmjs.org/svg-pathdata/-/svg-pathdata-6.0.3.tgz 0ms (cache hit)
139 http cache pako@https://registry.npmjs.org/pako/-/pako-2.1.0.tgz 0ms (cache hit)
140 http cache stackblur-canvas@https://registry.npmjs.org/stackblur-canvas/-/stackblur-canvas-2.7.0.tgz 0ms (cache hit)
141 http cache @types/trusted-types@https://registry.npmjs.org/@types/trusted-types/-/trusted-types-2.0.7.tgz 0ms (cache hit)
142 http cache rgbcolor@https://registry.npmjs.org/rgbcolor/-/rgbcolor-1.0.1.tgz 0ms (cache hit)
143 http cache raf@https://registry.npmjs.org/raf/-/raf-3.4.1.tgz 0ms (cache hit)
144 http cache fflate@https://registry.npmjs.org/fflate/-/fflate-0.8.2.tgz 0ms (cache hit)
145 http cache @types/raf@https://registry.npmjs.org/@types/raf/-/raf-3.4.3.tgz 0ms (cache hit)
146 http cache regenerator-runtime@https://registry.npmjs.org/regenerator-runtime/-/regenerator-runtime-0.13.11.tgz 0ms (cache hit)
147 http cache fast-png@https://registry.npmjs.org/fast-png/-/fast-png-6.4.0.tgz 0ms (cache hit)
148 http cache core-js@https://registry.npmjs.org/core-js/-/core-js-3.48.0.tgz 0ms (cache hit)
149 http cache dompurify@https://registry.npmjs.org/dompurify/-/dompurify-3.3.1.tgz 0ms (cache hit)
150 http cache canvg@https://registry.npmjs.org/canvg/-/canvg-3.0.11.tgz 0ms (cache hit)
151 http cache jspdf@https://registry.npmjs.org/jspdf/-/jspdf-4.2.0.tgz 0ms (cache hit)
152 http cache utrie@https://registry.npmjs.org/utrie/-/utrie-1.0.2.tgz 0ms (cache hit)
153 http cache css-line-break@https://registry.npmjs.org/css-line-break/-/css-line-break-2.1.0.tgz 0ms (cache hit)
154 http cache text-segmentation@https://registry.npmjs.org/text-segmentation/-/text-segmentation-1.0.3.tgz 0ms (cache hit)
155 http cache html2canvas@https://registry.npmjs.org/html2canvas/-/html2canvas-1.4.1.tgz 1ms (cache hit)
156 silly tarball no local data for performance-now@https://registry.npmjs.org/performance-now/-/performance-now-2.1.0.tgz. Extracting by manifest.
157 silly tarball no local data for base64-arraybuffer@https://registry.npmjs.org/base64-arraybuffer/-/base64-arraybuffer-1.0.2.tgz. Extracting by manifest.
158 silly tarball no local data for @types/pako@https://registry.npmjs.org/@types/pako/-/pako-2.0.4.tgz. Extracting by manifest.
159 silly tarball no local data for iobuffer@https://registry.npmjs.org/iobuffer/-/iobuffer-5.4.0.tgz. Extracting by manifest.
160 silly tarball no local data for svg-pathdata@https://registry.npmjs.org/svg-pathdata/-/svg-pathdata-6.0.3.tgz. Extracting by manifest.
161 silly tarball no local data for pako@https://registry.npmjs.org/pako/-/pako-2.1.0.tgz. Extracting by manifest.
162 silly tarball no local data for stackblur-canvas@https://registry.npmjs.org/stackblur-canvas/-/stackblur-canvas-2.7.0.tgz. Extracting by manifest.
163 silly tarball no local data for @types/trusted-types@https://registry.npmjs.org/@types/trusted-types/-/trusted-types-2.0.7.tgz. Extracting by manifest.
164 silly tarball no local data for rgbcolor@https://registry.npmjs.org/rgbcolor/-/rgbcolor-1.0.1.tgz. Extracting by manifest.
165 silly tarball no local data for raf@https://registry.npmjs.org/raf/-/raf-3.4.1.tgz. Extracting by manifest.
166 silly tarball no local data for fflate@https://registry.npmjs.org/fflate/-/fflate-0.8.2.tgz. Extracting by manifest.
167 silly tarball no local data for @types/raf@https://registry.npmjs.org/@types/raf/-/raf-3.4.3.tgz. Extracting by manifest.
168 silly tarball no local data for regenerator-runtime@https://registry.npmjs.org/regenerator-runtime/-/regenerator-runtime-0.13.11.tgz. Extracting by manifest.
169 silly tarball no local data for fast-png@https://registry.npmjs.org/fast-png/-/fast-png-6.4.0.tgz. Extracting by manifest.
170 silly tarball no local data for core-js@https://registry.npmjs.org/core-js/-/core-js-3.48.0.tgz. Extracting by manifest.
171 silly tarball no local data for dompurify@https://registry.npmjs.org/dompurify/-/dompurify-3.3.1.tgz. Extracting by manifest.
172 silly tarball no local data for canvg@https://registry.npmjs.org/canvg/-/canvg-3.0.11.tgz. Extracting by manifest.
173 silly tarball no local data for jspdf@https://registry.npmjs.org/jspdf/-/jspdf-4.2.0.tgz. Extracting by manifest.
174 silly tarball no local data for utrie@https://registry.npmjs.org/utrie/-/utrie-1.0.2.tgz. Extracting by manifest.
175 silly tarball no local data for css-line-break@https://registry.npmjs.org/css-line-break/-/css-line-break-2.1.0.tgz. Extracting by manifest.
176 silly tarball no local data for text-segmentation@https://registry.npmjs.org/text-segmentation/-/text-segmentation-1.0.3.tgz. Extracting by manifest.
177 silly tarball no local data for html2canvas@https://registry.npmjs.org/html2canvas/-/html2canvas-1.4.1.tgz. Extracting by manifest.
178 http fetch GET 200 https://registry.npmjs.org/base64-arraybuffer/-/base64-arraybuffer-1.0.2.tgz 160ms (cache miss)
179 http fetch GET 200 https://registry.npmjs.org/iobuffer/-/iobuffer-5.4.0.tgz 171ms (cache miss)
180 http fetch GET 200 https://registry.npmjs.org/raf/-/raf-3.4.1.tgz 172ms (cache miss)
181 http fetch GET 200 https://registry.npmjs.org/regenerator-runtime/-/regenerator-runtime-0.13.11.tgz 195ms (cache miss)
182 http fetch GET 200 https://registry.npmjs.org/@types/trusted-types/-/trusted-types-2.0.7.tgz 198ms (cache miss)
183 http fetch GET 200 https://registry.npmjs.org/rgbcolor/-/rgbcolor-1.0.1.tgz 207ms (cache miss)
184 http fetch GET 200 https://registry.npmjs.org/fflate/-/fflate-0.8.2.tgz 209ms (cache miss)
185 http fetch GET 200 https://registry.npmjs.org/stackblur-canvas/-/stackblur-canvas-2.7.0.tgz 210ms (cache miss)
186 http fetch GET 200 https://registry.npmjs.org/performance-now/-/performance-now-2.1.0.tgz 255ms (cache miss)
187 http fetch GET 200 https://registry.npmjs.org/svg-pathdata/-/svg-pathdata-6.0.3.tgz 261ms (cache miss)
188 http fetch POST 200 https://registry.npmjs.org/-/npm/v1/security/advisories/bulk 337ms
189 silly audit report {
189 silly audit report   minimatch: [
189 silly audit report     {
189 silly audit report       id: 1113371,
189 silly audit report       url: 'https://github.com/advisories/GHSA-3ppc-4f35-3m26',
189 silly audit report       title: 'minimatch has a ReDoS via repeated wildcards with non-matching literal in pattern',
189 silly audit report       severity: 'high',
189 silly audit report       vulnerable_versions: '<10.2.1',
189 silly audit report       cwe: [Array],
189 silly audit report       cvss: [Object]
189 silly audit report     }
189 silly audit report   ]
189 silly audit report }
190 silly packumentCache corgi:https://registry.npmjs.org/minimatch cache-miss
191 http fetch GET 200 https://registry.npmjs.org/text-segmentation/-/text-segmentation-1.0.3.tgz 300ms (cache miss)
192 http fetch GET 200 https://registry.npmjs.org/dompurify/-/dompurify-3.3.1.tgz 319ms (cache miss)
193 http fetch GET 200 https://registry.npmjs.org/utrie/-/utrie-1.0.2.tgz 323ms (cache miss)
194 http fetch GET 200 https://registry.npmjs.org/@types/raf/-/raf-3.4.3.tgz 329ms (cache miss)
195 http fetch GET 200 https://registry.npmjs.org/@types/pako/-/pako-2.0.4.tgz 362ms (cache miss)
196 http fetch GET 200 https://registry.npmjs.org/pako/-/pako-2.1.0.tgz 371ms (cache miss)
197 http fetch GET 200 https://registry.npmjs.org/minimatch 110ms (cache revalidated)
198 silly packumentCache corgi:https://registry.npmjs.org/minimatch set size:154574 disposed:false
199 silly packumentCache corgi:https://registry.npmjs.org/@typescript-eslint%2ftypescript-estree cache-miss
200 silly packumentCache corgi:https://registry.npmjs.org/@eslint%2fconfig-array cache-miss
201 silly packumentCache corgi:https://registry.npmjs.org/@eslint%2feslintrc cache-miss
202 silly packumentCache corgi:https://registry.npmjs.org/eslint cache-miss
203 silly packumentCache corgi:https://registry.npmjs.org/eslint-plugin-import cache-miss
204 silly packumentCache corgi:https://registry.npmjs.org/eslint-plugin-jsx-a11y cache-miss
205 silly packumentCache corgi:https://registry.npmjs.org/eslint-plugin-react cache-miss
206 http fetch GET 200 https://registry.npmjs.org/css-line-break/-/css-line-break-2.1.0.tgz 649ms (cache miss)
207 http fetch GET 200 https://registry.npmjs.org/fast-png/-/fast-png-6.4.0.tgz 668ms (cache miss)
208 http fetch GET 200 https://registry.npmjs.org/@eslint%2feslintrc 292ms (cache revalidated)
209 silly packumentCache corgi:https://registry.npmjs.org/@eslint%2feslintrc set size:80753 disposed:false
210 http fetch GET 200 https://registry.npmjs.org/eslint 296ms (cache revalidated)
211 silly packumentCache corgi:https://registry.npmjs.org/eslint set size:1132877 disposed:false
212 http fetch GET 200 https://registry.npmjs.org/eslint-plugin-react 307ms (cache revalidated)
213 silly packumentCache corgi:https://registry.npmjs.org/eslint-plugin-react set size:309843 disposed:false
214 http fetch GET 200 https://registry.npmjs.org/@typescript-eslint%2ftypescript-estree 318ms (cache revalidated)
215 silly packumentCache corgi:https://registry.npmjs.org/@typescript-eslint%2ftypescript-estree set size:8494054 disposed:false
216 http fetch GET 200 https://registry.npmjs.org/eslint-plugin-import 428ms (cache revalidated)
217 silly packumentCache corgi:https://registry.npmjs.org/eslint-plugin-import set size:238396 disposed:false
218 http fetch GET 200 https://registry.npmjs.org/@eslint%2fconfig-array 433ms (cache revalidated)
219 silly packumentCache corgi:https://registry.npmjs.org/@eslint%2fconfig-array set size:15303 disposed:false
220 http fetch GET 200 https://registry.npmjs.org/eslint-plugin-jsx-a11y 440ms (cache revalidated)
221 silly packumentCache corgi:https://registry.npmjs.org/eslint-plugin-jsx-a11y set size:108835 disposed:false
222 silly packumentCache corgi:https://registry.npmjs.org/eslint-config-next cache-miss
223 http fetch GET 200 https://registry.npmjs.org/eslint-config-next 79ms (cache revalidated)
224 silly packumentCache corgi:https://registry.npmjs.org/eslint-config-next set size:3714238 disposed:false
225 silly packumentCache corgi:https://registry.npmjs.org/@typescript-eslint%2fparser cache-miss
226 silly packumentCache corgi:https://registry.npmjs.org/@typescript-eslint%2ftype-utils cache-miss
227 silly packumentCache corgi:https://registry.npmjs.org/@typescript-eslint%2futils cache-miss
228 silly packumentCache corgi:https://registry.npmjs.org/typescript-eslint cache-miss
229 http fetch GET 200 https://registry.npmjs.org/typescript-eslint 74ms (cache revalidated)
230 silly packumentCache corgi:https://registry.npmjs.org/typescript-eslint set size:1533651 disposed:false
231 http fetch GET 200 https://registry.npmjs.org/@typescript-eslint%2ftype-utils 106ms (cache revalidated)
232 silly packumentCache corgi:https://registry.npmjs.org/@typescript-eslint%2ftype-utils set size:4507154 disposed:false
233 http fetch GET 200 https://registry.npmjs.org/@typescript-eslint%2fparser 176ms (cache revalidated)
234 silly packumentCache corgi:https://registry.npmjs.org/@typescript-eslint%2fparser set size:7892767 disposed:false
235 http fetch GET 200 https://registry.npmjs.org/@typescript-eslint%2futils 271ms (cache revalidated)
236 silly packumentCache corgi:https://registry.npmjs.org/@typescript-eslint%2futils set size:4517972 disposed:false
237 silly packumentCache corgi:https://registry.npmjs.org/@typescript-eslint%2feslint-plugin cache-miss
238 http fetch GET 200 https://registry.npmjs.org/canvg/-/canvg-3.0.11.tgz 1476ms (cache miss)
239 http fetch GET 200 https://registry.npmjs.org/@typescript-eslint%2feslint-plugin 73ms (cache revalidated)
240 silly packumentCache corgi:https://registry.npmjs.org/@typescript-eslint%2feslint-plugin set size:9349854 disposed:false
241 http fetch GET 200 https://registry.npmjs.org/jspdf/-/jspdf-4.2.0.tgz 1967ms (cache miss)
242 http fetch GET 200 https://registry.npmjs.org/html2canvas/-/html2canvas-1.4.1.tgz 2257ms (cache miss)
243 http fetch GET 200 https://registry.npmjs.org/core-js/-/core-js-3.48.0.tgz 3584ms (cache miss)
244 info run core-js@3.48.0 postinstall node_modules/core-js node -e "try{require('./postinstall')}catch(e){}"
245 info run core-js@3.48.0 postinstall { code: 0, signal: null }
246 silly ADD node_modules/base64-arraybuffer
247 silly ADD node_modules/performance-now
248 silly ADD node_modules/pako
249 silly ADD node_modules/iobuffer
250 silly ADD node_modules/@types/pako
251 silly ADD node_modules/@types/trusted-types
252 silly ADD node_modules/svg-pathdata
253 silly ADD node_modules/stackblur-canvas
254 silly ADD node_modules/rgbcolor
255 silly ADD node_modules/regenerator-runtime
256 silly ADD node_modules/raf
257 silly ADD node_modules/@types/raf
258 silly ADD node_modules/fflate
259 silly ADD node_modules/fast-png
260 silly ADD node_modules/dompurify
261 silly ADD node_modules/core-js
262 silly ADD node_modules/canvg
263 silly ADD node_modules/utrie
264 silly ADD node_modules/text-segmentation
265 silly ADD node_modules/css-line-break
266 silly ADD node_modules/jspdf
267 silly ADD node_modules/html2canvas
268 verbose cwd /Users/carloscano/Desktop/CV definitivo/cv-admin-next
269 verbose os Darwin 24.6.0
270 verbose node v24.13.0
271 verbose npm  v11.6.2
272 verbose exit 0
273 info ok
